Archive member included to satisfy reference by file (symbol)

C:/devkitPro/libnx/lib\libnx.a(applet.o)
                              main.o (appletMainLoop)
C:/devkitPro/libnx/lib\libnx.a(sm.o)
                              C:/devkitPro/libnx/lib\libnx.a(applet.o) (smGetServiceWrapper)
C:/devkitPro/libnx/lib\libnx.a(diag.o)
                              C:/devkitPro/libnx/lib\libnx.a(applet.o) (diagAbortWithResult)
C:/devkitPro/libnx/lib\libnx.a(env.o)
                              C:/devkitPro/libnx/lib\libnx.a(applet.o) (envIsNso)
C:/devkitPro/libnx/lib\libnx.a(hosversion.o)
                              C:/devkitPro/libnx/lib\libnx.a(applet.o) (hosversionGet)
C:/devkitPro/libnx/lib\libnx.a(pad.o)
                              main.o (padConfigureInput)
C:/devkitPro/libnx/lib\libnx.a(console.o)
                              main.o (consoleInit)
C:/devkitPro/libnx/lib\libnx.a(console_sw.o)
                              C:/devkitPro/libnx/lib\libnx.a(console.o) (getDefaultConsoleRenderer)
C:/devkitPro/libnx/lib\libnx.a(svc.o)
                              C:/devkitPro/libnx/lib\libnx.a(applet.o) (svcExitProcess)
C:/devkitPro/libnx/lib\libnx.a(switch_crt0.o)
                              (_start)
C:/devkitPro/libnx/lib\libnx.a(default_font.bin.o)
                              C:/devkitPro/libnx/lib\libnx.a(console.o) (default_font_bin)
C:/devkitPro/libnx/lib\libnx.a(event.o)
                              C:/devkitPro/libnx/lib\libnx.a(applet.o) (eventLoadRemote)
C:/devkitPro/libnx/lib\libnx.a(mutex.o)
                              C:/devkitPro/libnx/lib\libnx.a(applet.o) (mutexLock)
C:/devkitPro/libnx/lib\libnx.a(tmem.o)
                              C:/devkitPro/libnx/lib\libnx.a(applet.o) (tmemCreate)
C:/devkitPro/libnx/lib\libnx.a(virtmem.o)
                              C:/devkitPro/libnx/lib\libnx.a(tmem.o) (virtmemLock)
C:/devkitPro/libnx/lib\libnx.a(wait.o)
                              C:/devkitPro/libnx/lib\libnx.a(applet.o) (waitObjects)
C:/devkitPro/libnx/lib\libnx.a(apm.o)
                              C:/devkitPro/libnx/lib\libnx.a(applet.o) (apmInitialize)
C:/devkitPro/libnx/lib\libnx.a(hid.o)
                              C:/devkitPro/libnx/lib\libnx.a(pad.o) (hidGetNpadStyleSet)
C:/devkitPro/libnx/lib\libnx.a(default_window.o)
                              C:/devkitPro/libnx/lib\libnx.a(console_sw.o) (nwindowGetDefault)
C:/devkitPro/libnx/lib\libnx.a(framebuffer.o)
                              C:/devkitPro/libnx/lib\libnx.a(console_sw.o) (framebufferMakeLinear)
C:/devkitPro/libnx/lib\libnx.a(native_window.o)
                              C:/devkitPro/libnx/lib\libnx.a(framebuffer.o) (nwindowIsValid)
C:/devkitPro/libnx/lib\libnx.a(alloc.o)
                              C:/devkitPro/libnx/lib\libnx.a(virtmem.o) (__libnx_alloc)
C:/devkitPro/libnx/lib\libnx.a(argv.o)
                              C:/devkitPro/libnx/lib\libnx.a(switch_crt0.o) (__system_argc)
C:/devkitPro/libnx/lib\libnx.a(dynamic.o)
                              C:/devkitPro/libnx/lib\libnx.a(switch_crt0.o) (__nx_dynamic)
C:/devkitPro/libnx/lib\libnx.a(init.o)
                              C:/devkitPro/libnx/lib\libnx.a(switch_crt0.o) (__libnx_init)
C:/devkitPro/libnx/lib\libnx.a(newlib.o)
                              C:/devkitPro/libnx/lib\libnx.a(init.o) (__libnx_init_time)
C:/devkitPro/libnx/lib\libnx.a(nxlink.o)
                              C:/devkitPro/libnx/lib\libnx.a(argv.o) (nxlinkSetup)
C:/devkitPro/libnx/lib\libnx.a(fs_dev.o)
                              C:/devkitPro/libnx/lib\libnx.a(init.o) (fsdevMountSdmc)
C:/devkitPro/libnx/lib\libnx.a(path_buf.o)
                              C:/devkitPro/libnx/lib\libnx.a(fs_dev.o) (__nx_dev_path_buf)
C:/devkitPro/libnx/lib\libnx.a(decode_utf8.o)
                              C:/devkitPro/libnx/lib\libnx.a(fs_dev.o) (decode_utf8)
C:/devkitPro/libnx/lib\libnx.a(cache.o)
                              C:/devkitPro/libnx/lib\libnx.a(framebuffer.o) (armDCacheFlush)
C:/devkitPro/libnx/lib\libnx.a(exception.o)
                              C:/devkitPro/libnx/lib\libnx.a(switch_crt0.o) (__libnx_exception_entry)
C:/devkitPro/libnx/lib\libnx.a(readtp.o)
                              C:/devkitPro/libnx/lib\libnx.a(fs_dev.o) (__aarch64_read_tp)
C:/devkitPro/libnx/lib\libnx.a(condvar.o)
                              C:/devkitPro/libnx/lib\libnx.a(newlib.o) (condvarWaitTimeout)
C:/devkitPro/libnx/lib\libnx.a(random.o)
                              C:/devkitPro/libnx/lib\libnx.a(virtmem.o) (randomGet64)
C:/devkitPro/libnx/lib\libnx.a(shmem.o)
                              C:/devkitPro/libnx/lib\libnx.a(hid.o) (shmemLoadRemote)
C:/devkitPro/libnx/lib\libnx.a(thread.o)
                              C:/devkitPro/libnx/lib\libnx.a(init.o) (__libnx_init_thread)
C:/devkitPro/libnx/lib\libnx.a(fs.o)
                              C:/devkitPro/libnx/lib\libnx.a(init.o) (fsInitialize)
C:/devkitPro/libnx/lib\libnx.a(nv.o)
[...]
Memory Configuration

Name             Origin             Length             Attributes
*default*        0x0000000000000000 0xffffffffffffffff

Linker script and memory map

                0x0000000000000000                PROVIDE (__start__ = 0x0)
                0x0000000000000000                . = __start__
                [!provide]                        PROVIDE (__code_start = .)

.text           0x0000000000000000    0x2c488
 *(.crt0)
 .crt0          0x0000000000000000      0x124 C:/devkitPro/libnx/lib\libnx.a(switch_crt0.o)
                0x0000000000000000                _start
                0x00000000000000e0                __nx_exit
                0x00000000000000f0                __nx_mod0
 *(.text.unlikely .text.*_unlikely .text.unlikely.*)
 *(.text.exit .text.exit.*)
 *fill*         0x0000000000000124       0x1c 
 .text.exit     0x0000000000000140       0x34 C:/devkitPro/devkitA64/bin/../lib/gcc/aarch64-none-elf/15.1.0/../../../../aarch64-none-elf/lib/pic\libg.a(libc_a-exit.o)
                0x0000000000000140                exit
 *(.text.startup .text.startup.*)
 *fill*         0x0000000000000174        0xc 
 .text.startup.main
                0x0000000000000180       0xf0 main.o
                0x0000000000000180                main
 *(.text.hot .text.hot.*)
 *(.text .stub .text.* .gnu.linkonce.t.*)
 *fill*         0x0000000000000270       0x10 
 .text.__do_global_dtors_aux
                0x0000000000000280       0x50 C:/devkitPro/devkitA64/bin/../lib/gcc/aarch64-none-elf/15.1.0/pic/crtbegin.o
 *fill*         0x00000000000002d0       0x10 
 .text.frame_dummy
                0x00000000000002e0       0x24 C:/devkitPro/devkitA64/bin/../lib/gcc/aarch64-none-elf/15.1.0/pic/crtbegin.o
 *fill*         0x0000000000000304        0xc 
 .text.calculatePI
                0x0000000000000310      0x190 pi.o
                0x0000000000000310                calculatePI
 .text.printSetupScreen
                0x00000000000004a0       0x80 ui.o
                0x00000000000004a0                printSetupScreen
 .text.updateUserInputs
                0x0000000000000520      0x1f0 ui.o
                0x0000000000000520                updateUserInputs
 .text.finishedLoopUI
                0x0000000000000710       0xb4 ui.o
                0x0000000000000710                finishedLoopUI
 *fill*         0x00000000000007c4        0xc 
 .text.exitCleanly
                0x00000000000007d0       0x2c utils.o
                0x00000000000007d0                exitCleanly
 *fill*         0x00000000000007fc        0x4 
 .text._appletInfiniteSleepLoop
                0x0000000000000800       0x18 C:/devkitPro/libnx/lib\libnx.a(applet.o)
 *fill*         0x0000000000000818        0x8 
 .text._appletCmdGetSession
                0x0000000000000820      0x108 C:/devkitPro/libnx/lib\libnx.a(applet.o)
 *fill*         0x0000000000000928        0x8 
 .text._appletCmdInU8NoOut
                0x0000000000000930       0xcc C:/devkitPro/libnx/lib\libnx.a(applet.o)
 *fill*         0x00000000000009fc        0x4 
 .text._appletCmdInU32NoOut
                0x0000000000000a00       0xcc C:/devkitPro/libnx/lib\libnx.a(applet.o)
 *fill*         0x0000000000000acc        0x4 
 .text._appletGetSessionProxy.constprop.0
                0x0000000000000ad0      0x12c C:/devkitPro/libnx/lib\libnx.a(applet.o)
 *fill*         0x0000000000000bfc        0x4 
 .text._appletOpenLibraryAppletProxy.constprop.0
                0x0000000000000c00      0x148 C:/devkitPro/libnx/lib\libnx.a(applet.o)
 *fill*         0x0000000000000d48        0x8 
 .text._appletCmdGetEvent
                0x0000000000000d50       0xf8 C:/devkitPro/libnx/lib\libnx.a(applet.o)
 *fill*         0x0000000000000e48        0x8 
 .text._appletCmdNoInOutU8.isra.0
                0x0000000000000e50       0xd4 C:/devkitPro/libnx/lib\libnx.a(applet.o)
 *fill*         0x0000000000000f24        0xc 
 .text._appletCmdNoInOutU32.isra.0
                0x0000000000000f30       0xd4 C:/devkitPro/libnx/lib\libnx.a(applet.o)
 *fill*         0x0000000000001004        0xc 
 .text._appletCmdNoInOutU64.isra.0
                0x0000000000001010       0xd4 C:/devkitPro/libnx/lib\libnx.a(applet.o)
 *fill*         0x00000000000010e4        0xc 
 .text._appletCmdNoIO.isra.0
                0x00000000000010f0       0xc0 C:/devkitPro/libnx/lib\libnx.a(applet.o)
 .text.appletGetAppletType
                0x00000000000011b0       0x10 C:/devkitPro/libnx/lib\libnx.a(applet.o)
                0x00000000000011b0                appletGetAppletType
 .text.appletSetFocusHandlingMode
                0x00000000000011c0      0x1b8 C:/devkitPro/libnx/lib\libnx.a(applet.o)
                0x00000000000011c0                appletSetFocusHandlingMode
 *fill*         0x0000000000001378        0x8 
 .text.appletSetCpuBoostMode
                0x0000000000001380       0x5c C:/devkitPro/libnx/lib\libnx.a(applet.o)
                0x0000000000001380                appletSetCpuBoostMode
 *fill*         0x00000000000013dc        0x4 
 .text.appletCreateManagedDisplayLayer
                0x00000000000013e0       0x2c C:/devkitPro/libnx/lib\libnx.a(applet.o)
                0x00000000000013e0                appletCreateManagedDisplayLayer
 *fill*         0x000000000000140c        0x4 
 .text.appletGetAppletResourceUserId
                0x0000000000001410        0xc C:/devkitPro/libnx/lib\libnx.a(applet.o)
                0x0000000000001410                appletGetAppletResourceUserId
 *fill*         0x000000000000141c        0x4 
 .text._appletHolderCreateState
                0x0000000000001420      0x138 C:/devkitPro/libnx/lib\libnx.a(applet.o)
 *fill*         0x0000000000001558        0x8 
 .text.appletHolderClose
                0x0000000000001560       0xb0 C:/devkitPro/libnx/lib\libnx.a(applet.o)
                0x0000000000001560                appletHolderClose
 .text.appletHolderGetLibraryAppletInfo
                0x0000000000001610       0x24 C:/devkitPro/libnx/lib\libnx.a(applet.o)
                0x0000000000001610                appletHolderGetLibraryAppletInfo
 *fill*         0x0000000000001634        0xc 
 .text.appletNotifyRunning
                0x0000000000001640       0x90 C:/devkitPro/libnx/lib\libnx.a(applet.o)
                0x0000000000001640                appletNotifyRunning
 .text.appletSetGamePlayRecordingState
                0x00000000000016d0       0x78 C:/devkitPro/libnx/lib\libnx.a(applet.o)
                0x00000000000016d0                appletSetGamePlayRecordingState
 *fill*         0x0000000000001748        0x8 
 .text._appletCleanup
                0x0000000000001750      0xad4 C:/devkitPro/libnx/lib\libnx.a(applet.o)
 *fill*         0x0000000000002224        0xc 
 .text.appletExit
                0x0000000000002230       0x48 C:/devkitPro/libnx/lib\libnx.a(applet.o)
                0x0000000000002230                appletExit
 *fill*         0x0000000000002278        0x8 
 .text.appletGetLibraryAppletInfo
                0x0000000000002280       0x40 C:/devkitPro/libnx/lib\libnx.a(applet.o)
                0x0000000000002280                appletGetLibraryAppletInfo
 .text.appletInitialize
                0x00000000000022c0      0xc14 C:/devkitPro/libnx/lib\libnx.a(applet.o)
                0x00000000000022c0                appletInitialize
 *fill*         0x0000000000002ed4        0xc 
 .text._appletExitProcess
                0x0000000000002ee0       0x24 C:/devkitPro/libnx/lib\libnx.a(applet.o)
 *fill*         0x0000000000002f04        0xc 
 .text.appletGetMessage
                0x0000000000002f10       0x74 C:/devkitPro/libnx/lib\libnx.a(applet.o)
                0x0000000000002f10                appletGetMessage
 *fill*         0x0000000000002f84        0xc 
 .text.appletProcessMessage
                0x0000000000002f90      0x264 C:/devkitPro/libnx/lib\libnx.a(applet.o)
                0x0000000000002f90                appletProcessMessage
 *fill*         0x00000000000031f4        0xc 
 .text.appletMainLoop
                0x0000000000003200       0x34 C:/devkitPro/libnx/lib\libnx.a(applet.o)
                0x0000000000003200                appletMainLoop
 *fill*         0x0000000000003234        0xc 
 .text._smCmifCmdInPid
                0x0000000000003240       0xcc C:/devkitPro/libnx/lib\libnx.a(sm.o)
 *fill*         0x000000000000330c        0x4 
 .text._smCleanup
                0x0000000000003310       0x78 C:/devkitPro/libnx/lib\libnx.a(sm.o)
 *fill*         0x0000000000003388        0x8 
 .text.smAddOverrideHandle
                0x0000000000003390       0x48 C:/devkitPro/libnx/lib\libnx.a(sm.o)
                0x0000000000003390                smAddOverrideHandle
 *fill*         0x00000000000033d8        0x8 
 .text.smGetServiceOverride
                0x00000000000033e0       0x54 C:/devkitPro/libnx/lib\libnx.a(sm.o)
                0x00000000000033e0                smGetServiceOverride
 *fill*         0x0000000000003434        0xc 
 .text.smInitialize
                0x0000000000003440      0x1ac C:/devkitPro/libnx/lib\libnx.a(sm.o)
                0x0000000000003440                smInitialize
 *fill*         0x00000000000035ec        0x4 
 .text.smExit   0x00000000000035f0       0x48 C:/devkitPro/libnx/lib\libnx.a(sm.o)
                0x00000000000035f0                smExit
 *fill*         0x0000000000003638        0x8 
 .text.smGetServiceOriginal
                0x0000000000003640       0xd0 C:/devkitPro/libnx/lib\libnx.a(sm.o)
                0x0000000000003640                smGetServiceOriginal
 .text.smGetServiceWrapper
                0x0000000000003710      0x120 C:/devkitPro/libnx/lib\libnx.a(sm.o)
                0x0000000000003710                smGetServiceWrapper
 .text.diagAbortWithResult
                0x0000000000003830       0x1c C:/devkitPro/libnx/lib\libnx.a(diag.o)
                0x0000000000003830                diagAbortWithResult
 *fill*         0x000000000000384c        0x4 
 .text.envSetup
                0x0000000000003850      0x208 C:/devkitPro/libnx/lib\libnx.a(env.o)
                0x0000000000003850                envSetup
 *fill*         0x0000000000003a58        0x8 
 .text.envGetMainThreadHandle
                0x0000000000003a60       0x20 C:/devkitPro/libnx/lib\libnx.a(env.o)
                0x0000000000003a60                envGetMainThreadHandle
 .text.envIsNso
                0x0000000000003a80        0xc C:/devkitPro/libnx/lib\libnx.a(env.o)
                0x0000000000003a80                envIsNso
 *fill*         0x0000000000003a8c        0x4 
 .text.envHasHeapOverride
                0x0000000000003a90       0x14 C:/devkitPro/libnx/lib\libnx.a(env.o)
                0x0000000000003a90                envHasHeapOverride
 *fill*         0x0000000000003aa4        0xc 
 .text.envGetHeapOverrideAddr
                0x0000000000003ab0        0xc C:/devkitPro/libnx/lib\libnx.a(env.o)
                0x0000000000003ab0                envGetHeapOverrideAddr
 *fill*         0x0000000000003abc        0x4 
 .text.envGetHeapOverrideSize
                0x0000000000003ac0        0xc C:/devkitPro/libnx/lib\libnx.a(env.o)
                0x0000000000003ac0                envGetHeapOverrideSize
 *fill*         0x0000000000003acc        0x4 
 .text.envHasArgv
                0x0000000000003ad0       0x14 C:/devkitPro/libnx/lib\libnx.a(env.o)
                0x0000000000003ad0                envHasArgv
 *fill*         0x0000000000003ae4        0xc 
 .text.envGetArgv
                0x0000000000003af0        0xc C:/devkitPro/libnx/lib\libnx.a(env.o)
                0x0000000000003af0                envGetArgv
 *fill*         0x0000000000003afc        0x4 
 .text.envGetExitFuncPtr
                0x0000000000003b00        0xc C:/devkitPro/libnx/lib\libnx.a(env.o)
                0x0000000000003b00                envGetExitFuncPtr
 *fill*         0x0000000000003b0c        0x4 
 .text.envSetExitFuncPtr
                0x0000000000003b10        0xc C:/devkitPro/libnx/lib\libnx.a(env.o)
                0x0000000000003b10                envSetExitFuncPtr
 *fill*         0x0000000000003b1c        0x4 
 .text.envHasRandomSeed
                0x0000000000003b20        0xc C:/devkitPro/libnx/lib\libnx.a(env.o)
                0x0000000000003b20                envHasRandomSeed
 *fill*         0x0000000000003b2c        0x4 
 .text.envGetRandomSeed
                0x0000000000003b30       0x10 C:/devkitPro/libnx/lib\libnx.a(env.o)
                0x0000000000003b30                envGetRandomSeed
 .text.hosversionGet
                0x0000000000003b40       0x14 C:/devkitPro/libnx/lib\libnx.a(hosversion.o)
                0x0000000000003b40                hosversionGet
 *fill*         0x0000000000003b54        0xc 
 .text.hosversionSet
                0x0000000000003b60       0x10 C:/devkitPro/libnx/lib\libnx.a(hosversion.o)
                0x0000000000003b60                hosversionSet
 .text.padConfigureInput
                0x0000000000003b70       0x9c C:/devkitPro/libnx/lib\libnx.a(pad.o)
                0x0000000000003b70                padConfigureInput
 *fill*         0x0000000000003c0c        0x4 
 .text.padInitializeWithMask
                0x0000000000003c10       0x24 C:/devkitPro/libnx/lib\libnx.a(pad.o)
                0x0000000000003c10                padInitializeWithMask
 *fill*         0x0000000000003c34        0xc 
 .text.padUpdate
                0x0000000000003c40      0x294 C:/devkitPro/libnx/lib\libnx.a(pad.o)
                0x0000000000003c40                padUpdate
 *fill*         0x0000000000003ed4        0xc 
 .text.consoleDrawChar
                0x0000000000003ee0       0x48 C:/devkitPro/libnx/lib\libnx.a(console.o)
 *fill*         0x0000000000003f28        0x8 
 .text.parseColor
                0x0000000000003f30      0x21c C:/devkitPro/libnx/lib\libnx.a(console.o)
 *fill*         0x000000000000414c        0x4 
 .text.consoleNewRow
                0x0000000000004150       0xb4 C:/devkitPro/libnx/lib\libnx.a(console.o)
 *fill*         0x0000000000004204        0xc 
 .text.con_write
                0x0000000000004210      0xbf8 C:/devkitPro/libnx/lib\libnx.a(console.o)
 *fill*         0x0000000000004e08        0x8 
 .text.consoleInit
                0x0000000000004e10      0x154 C:/devkitPro/libnx/lib\libnx.a(console.o)
                0x0000000000004e10                consoleInit
 *fill*         0x0000000000004f64        0xc 
 .text.consoleExit
                0x0000000000004f70       0x44 C:/devkitPro/libnx/lib\libnx.a(console.o)
                0x0000000000004f70                consoleExit
 *fill*         0x0000000000004fb4        0xc 
 .text.consoleUpdate
                0x0000000000004fc0       0x2c C:/devkitPro/libnx/lib\libnx.a(console.o)
                0x0000000000004fc0                consoleUpdate
 *fill*         0x0000000000004fec        0x4 
 .text.consoleClear
                0x0000000000004ff0       0x84 C:/devkitPro/libnx/lib\libnx.a(console.o)
                0x0000000000004ff0                consoleClear
 *fill*         0x0000000000005074        0xc 
 .text.ConsoleSwRenderer_drawChar
                0x0000000000005080      0x1bc C:/devkitPro/libnx/lib\libnx.a(console_sw.o)
 *fill*         0x000000000000523c        0x4 
 .text.ConsoleSwRenderer_init
                0x0000000000005240       0xe8 C:/devkitPro/libnx/lib\libnx.a(console_sw.o)
 *fill*         0x0000000000005328        0x8 
 .text.ConsoleSwRenderer_flushAndSwap
                0x0000000000005330       0x78 C:/devkitPro/libnx/lib\libnx.a(console_sw.o)
 *fill*         0x00000000000053a8        0x8 
 .text.ConsoleSwRenderer_scrollWindow
                0x00000000000053b0       0xd4 C:/devkitPro/libnx/lib\libnx.a(console_sw.o)
 *fill*         0x0000000000005484        0xc 
 .text.ConsoleSwRenderer_deinit
                0x0000000000005490       0x50 C:/devkitPro/libnx/lib\libnx.a(console_sw.o)
 .text.getDefaultConsoleRenderer
                0x00000000000054e0        0xc C:/devkitPro/libnx/lib\libnx.a(console_sw.o)
                0x00000000000054e0                getDefaultConsoleRenderer
 .text.svcSetHeapSize
                0x00000000000054ec       0x14 C:/devkitPro/libnx/lib\libnx.a(svc.o)
                0x00000000000054ec                svcSetHeapSize
 .text.svcSetMemoryPermission
                0x0000000000005500        0x8 C:/devkitPro/libnx/lib\libnx.a(svc.o)
                0x0000000000005500                svcSetMemoryPermission
 .text.svcSetMemoryAttribute
                0x0000000000005508        0x8 C:/devkitPro/libnx/lib\libnx.a(svc.o)
                0x0000000000005508                svcSetMemoryAttribute
 .text.svcUnmapMemory
                0x0000000000005510        0x8 C:/devkitPro/libnx/lib\libnx.a(svc.o)
                0x0000000000005510                svcUnmapMemory
 .text.svcQueryMemory
                0x0000000000005518       0x14 C:/devkitPro/libnx/lib\libnx.a(svc.o)
                0x0000000000005518                svcQueryMemory
 .text.svcExitProcess
                0x000000000000552c        0x8 C:/devkitPro/libnx/lib\libnx.a(svc.o)
                0x000000000000552c                svcExitProcess
 .text.svcSleepThread
                0x0000000000005534        0x8 C:/devkitPro/libnx/lib\libnx.a(svc.o)
                0x0000000000005534                svcSleepThread
 .text.svcMapSharedMemory
                0x000000000000553c        0x8 C:/devkitPro/libnx/lib\libnx.a(svc.o)
                0x000000000000553c                svcMapSharedMemory
 .text.svcUnmapSharedMemory
                0x0000000000005544        0x8 C:/devkitPro/libnx/lib\libnx.a(svc.o)
                0x0000000000005544                svcUnmapSharedMemory
 .text.svcCreateTransferMemory
                0x000000000000554c       0x14 C:/devkitPro/libnx/lib\libnx.a(svc.o)
                0x000000000000554c                svcCreateTransferMemory
 .text.svcCloseHandle
                0x0000000000005560        0x8 C:/devkitPro/libnx/lib\libnx.a(svc.o)
                0x0000000000005560                svcCloseHandle
 .text.svcResetSignal
                0x0000000000005568        0x8 C:/devkitPro/libnx/lib\libnx.a(svc.o)
                0x0000000000005568                svcResetSignal
 .text.svcWaitSynchronization
                0x0000000000005570       0x14 C:/devkitPro/libnx/lib\libnx.a(svc.o)
                0x0000000000005570                svcWaitSynchronization
 .text.svcArbitrateLock
                0x0000000000005584        0x8 C:/devkitPro/libnx/lib\libnx.a(svc.o)
                0x0000000000005584                svcArbitrateLock
 .text.svcArbitrateUnlock
                0x000000000000558c        0x8 C:/devkitPro/libnx/lib\libnx.a(svc.o)
                0x000000000000558c                svcArbitrateUnlock
 .text.svcWaitProcessWideKeyAtomic
                0x0000000000005594        0x8 C:/devkitPro/libnx/lib\libnx.a(svc.o)
                0x0000000000005594                svcWaitProcessWideKeyAtomic
 .text.svcSignalProcessWideKey
                0x000000000000559c        0x8 C:/devkitPro/libnx/lib\libnx.a(svc.o)
                0x000000000000559c                svcSignalProcessWideKey
 .text.svcConnectToNamedPort
                0x00000000000055a4       0x14 C:/devkitPro/libnx/lib\libnx.a(svc.o)
                0x00000000000055a4                svcConnectToNamedPort
 .text.svcSendSyncRequest
                0x00000000000055b8        0x8 C:/devkitPro/libnx/lib\libnx.a(svc.o)
                0x00000000000055b8                svcSendSyncRequest
 .text.svcBreak
                0x00000000000055c0        0x8 C:/devkitPro/libnx/lib\libnx.a(svc.o)
                0x00000000000055c0                svcBreak
 .text.svcReturnFromException
                0x00000000000055c8        0x8 C:/devkitPro/libnx/lib\libnx.a(svc.o)
                0x00000000000055c8                svcReturnFromException
 .text.svcGetInfo
                0x00000000000055d0       0x14 C:/devkitPro/libnx/lib\libnx.a(svc.o)
                0x00000000000055d0                svcGetInfo
 .text.svcUnmapTransferMemory
                0x00000000000055e4        0x8 C:/devkitPro/libnx/lib\libnx.a(svc.o)
                0x00000000000055e4                svcUnmapTransferMemory
 *fill*         0x00000000000055ec        0x4 
 .text.eventLoadRemote
                0x00000000000055f0        0xc C:/devkitPro/libnx/lib\libnx.a(event.o)
                0x00000000000055f0                eventLoadRemote
 *fill*         0x00000000000055fc        0x4 
 .text.eventWait
                0x0000000000005600       0x34 C:/devkitPro/libnx/lib\libnx.a(event.o)
                0x0000000000005600                eventWait
 *fill*         0x0000000000005634        0xc 
 .text.eventClose
                0x0000000000005640       0x54 C:/devkitPro/libnx/lib\libnx.a(event.o)
                0x0000000000005640                eventClose
 *fill*         0x0000000000005694        0xc 
 .text.mutexLock
                0x00000000000056a0       0xc8 C:/devkitPro/libnx/lib\libnx.a(mutex.o)
                0x00000000000056a0                mutexLock
 *fill*         0x0000000000005768        0x8 
 .text.mutexUnlock
                0x0000000000005770       0x68 C:/devkitPro/libnx/lib\libnx.a(mutex.o)
                0x0000000000005770                mutexUnlock
 *fill*         0x00000000000057d8        0x8 
 .text.mutexIsLockedByCurrentThread
                0x00000000000057e0       0x1c C:/devkitPro/libnx/lib\libnx.a(mutex.o)
                0x00000000000057e0                mutexIsLockedByCurrentThread
 *fill*         0x00000000000057fc        0x4 
 .text.rmutexLock
                0x0000000000005800       0x58 C:/devkitPro/libnx/lib\libnx.a(mutex.o)
                0x0000000000005800                rmutexLock
 *fill*         0x0000000000005858        0x8 
 .text.rmutexUnlock
                0x0000000000005860       0x1c C:/devkitPro/libnx/lib\libnx.a(mutex.o)
                0x0000000000005860                rmutexUnlock
 *fill*         0x000000000000587c        0x4 
 .text.tmemCreate
                0x0000000000005880       0xa8 C:/devkitPro/libnx/lib\libnx.a(tmem.o)
                0x0000000000005880                tmemCreate
 *fill*         0x0000000000005928        0x8 
 .text.tmemUnmap
                0x0000000000005930       0x34 C:/devkitPro/libnx/lib\libnx.a(tmem.o)
                0x0000000000005930                tmemUnmap
 *fill*         0x0000000000005964        0xc 
 .text.tmemCloseHandle
                0x0000000000005970       0x30 C:/devkitPro/libnx/lib\libnx.a(tmem.o)
                0x0000000000005970                tmemCloseHandle
 .text.tmemWaitForPermission
                0x00000000000059a0       0x9c C:/devkitPro/libnx/lib\libnx.a(tmem.o)
                0x00000000000059a0                tmemWaitForPermission
 *fill*         0x0000000000005a3c        0x4 
 .text.tmemClose
                0x0000000000005a40       0x50 C:/devkitPro/libnx/lib\libnx.a(tmem.o)
                0x0000000000005a40                tmemClose
 .text._memregionInitWithInfo
                0x0000000000005a90       0x64 C:/devkitPro/libnx/lib\libnx.a(virtmem.o)
 *fill*         0x0000000000005af4        0xc 
 .text.__libnx_virtmem_rng
                0x0000000000005b00        0x4 C:/devkitPro/libnx/lib\libnx.a(virtmem.o)
                0x0000000000005b00                __libnx_virtmem_rng
 *fill*         0x0000000000005b04        0xc 
 .text._memregionFindRandom
                0x0000000000005b10      0x164 C:/devkitPro/libnx/lib\libnx.a(virtmem.o)
 *fill*         0x0000000000005c74        0xc 
 .text.virtmemSetup
                0x0000000000005c80      0x140 C:/devkitPro/libnx/lib\libnx.a(virtmem.o)
                0x0000000000005c80                virtmemSetup
 .text.virtmemLock
                0x0000000000005dc0        0xc C:/devkitPro/libnx/lib\libnx.a(virtmem.o)
                0x0000000000005dc0                virtmemLock
 *fill*         0x0000000000005dcc        0x4 
 .text.virtmemUnlock
                0x0000000000005dd0        0xc C:/devkitPro/libnx/lib\libnx.a(virtmem.o)
                0x0000000000005dd0                virtmemUnlock
 *fill*         0x0000000000005ddc        0x4 
 .text.virtmemFindAslr
                0x0000000000005de0       0x50 C:/devkitPro/libnx/lib\libnx.a(virtmem.o)
                0x0000000000005de0                virtmemFindAslr
 .text.waitObjects
                0x0000000000005e30      0x57c C:/devkitPro/libnx/lib\libnx.a(wait.o)
                0x0000000000005e30                waitObjects
 *fill*         0x00000000000063ac        0x4 
 .text._apmCleanup
                0x00000000000063b0       0xd4 C:/devkitPro/libnx/lib\libnx.a(apm.o)
 *fill*         0x0000000000006484        0xc 
 .text.apmInitialize
                0x0000000000006490      0x194 C:/devkitPro/libnx/lib\libnx.a(apm.o)
                0x0000000000006490                apmInitialize
 *fill*         0x0000000000006624        0xc 
 .text.apmExit  0x0000000000006630       0x48 C:/devkitPro/libnx/lib\libnx.a(apm.o)
                0x0000000000006630                apmExit
 *fill*         0x0000000000006678        0x8 
 .text.apmSetPerformanceConfiguration
                0x0000000000006680       0xc8 C:/devkitPro/libnx/lib\libnx.a(apm.o)
                0x0000000000006680                apmSetPerformanceConfiguration
 *fill*         0x0000000000006748        0x8 
 .text._hidCleanup
                0x0000000000006750      0x12c C:/devkitPro/libnx/lib\libnx.a(hid.o)
 *fill*         0x000000000000687c        0x4 
 .text._hidCmdInAruidNoOut
                0x0000000000006880       0xd4 C:/devkitPro/libnx/lib\libnx.a(hid.o)
 *fill*         0x0000000000006954        0xc 
 .text._hidCmdInU32AruidNoOut
                0x0000000000006960       0xe0 C:/devkitPro/libnx/lib\libnx.a(hid.o)
 .text._hidGetStates
                0x0000000000006a40      0x194 C:/devkitPro/libnx/lib\libnx.a(hid.o)
 *fill*         0x0000000000006bd4        0xc 
 .text.hidInitialize
                0x0000000000006be0      0x26c C:/devkitPro/libnx/lib\libnx.a(hid.o)
                0x0000000000006be0                hidInitialize
 *fill*         0x0000000000006e4c        0x4 
 .text.hidExit  0x0000000000006e50       0x48 C:/devkitPro/libnx/lib\libnx.a(hid.o)
                0x0000000000006e50                hidExit
 *fill*         0x0000000000006e98        0x8 
 .text.hidGetSharedmemAddr
                0x0000000000006ea0        0xc C:/devkitPro/libnx/lib\libnx.a(hid.o)
                0x0000000000006ea0                hidGetSharedmemAddr
 *fill*         0x0000000000006eac        0x4 
 .text.hidGetNpadStyleSet
                0x0000000000006eb0       0x90 C:/devkitPro/libnx/lib\libnx.a(hid.o)
                0x0000000000006eb0                hidGetNpadStyleSet
 .text.hidInitializeNpad
                0x0000000000006f40       0x84 C:/devkitPro/libnx/lib\libnx.a(hid.o)
                0x0000000000006f40                hidInitializeNpad
 *fill*         0x0000000000006fc4        0xc 
 .text.hidGetNpadStatesFullKey
                0x0000000000006fd0       0xa4 C:/devkitPro/libnx/lib\libnx.a(hid.o)
                0x0000000000006fd0                hidGetNpadStatesFullKey
 *fill*         0x0000000000007074        0xc 
 .text.hidGetNpadStatesHandheld
                0x0000000000007080       0xa4 C:/devkitPro/libnx/lib\libnx.a(hid.o)
                0x0000000000007080                hidGetNpadStatesHandheld
 *fill*         0x0000000000007124        0xc 
 .text.hidGetNpadStatesJoyDual
                0x0000000000007130       0xa4 C:/devkitPro/libnx/lib\libnx.a(hid.o)
                0x0000000000007130                hidGetNpadStatesJoyDual
 *fill*         0x00000000000071d4        0xc 
 .text.hidGetNpadStatesJoyLeft
                0x00000000000071e0       0xa4 C:/devkitPro/libnx/lib\libnx.a(hid.o)
                0x00000000000071e0                hidGetNpadStatesJoyLeft
 *fill*         0x0000000000007284        0xc 
 .text.hidGetNpadStatesJoyRight
                0x0000000000007290       0xa4 C:/devkitPro/libnx/lib\libnx.a(hid.o)
                0x0000000000007290                hidGetNpadStatesJoyRight
 *fill*         0x0000000000007334        0xc 
 .text.hidGetNpadStatesGc
                0x0000000000007340      0x144 C:/devkitPro/libnx/lib\libnx.a(hid.o)
                0x0000000000007340                hidGetNpadStatesGc
 *fill*         0x0000000000007484        0xc 
 .text.hidGetNpadStatesSystemExt
                0x0000000000007490       0xa8 C:/devkitPro/libnx/lib\libnx.a(hid.o)
                0x0000000000007490                hidGetNpadStatesSystemExt
 *fill*         0x0000000000007538        0x8 
 .text.hidSetSupportedNpadStyleSet
                0x0000000000007540        0x8 C:/devkitPro/libnx/lib\libnx.a(hid.o)
                0x0000000000007540                hidSetSupportedNpadStyleSet
 *fill*         0x0000000000007548        0x8 
 .text.hidSetSupportedNpadIdType
                0x0000000000007550      0x100 C:/devkitPro/libnx/lib\libnx.a(hid.o)
                0x0000000000007550                hidSetSupportedNpadIdType
 .text.nwindowGetDefault
                0x0000000000007650        0xc C:/devkitPro/libnx/lib\libnx.a(default_window.o)
                0x0000000000007650                nwindowGetDefault
 *fill*         0x000000000000765c        0x4 
 .text.__nx_win_init
                0x0000000000007660       0xa4 C:/devkitPro/libnx/lib\libnx.a(default_window.o)
                0x0000000000007660                __nx_win_init
 *fill*         0x0000000000007704        0xc 
 .text.__nx_win_exit
                0x0000000000007710       0x34 C:/devkitPro/libnx/lib\libnx.a(default_window.o)
                0x0000000000007710                __nx_win_exit
 *fill*         0x0000000000007744        0xc 
 .text.framebufferMakeLinear
                0x0000000000007750       0x8c C:/devkitPro/libnx/lib\libnx.a(framebuffer.o)
                0x0000000000007750                framebufferMakeLinear
 *fill*         0x00000000000077dc        0x4 
 .text.framebufferClose
                0x00000000000077e0       0x84 C:/devkitPro/libnx/lib\libnx.a(framebuffer.o)
                0x00000000000077e0                framebufferClose
 *fill*         0x0000000000007864        0xc 
 .text.framebufferCreate
                0x0000000000007870      0x290 C:/devkitPro/libnx/lib\libnx.a(framebuffer.o)
                0x0000000000007870                framebufferCreate
 .text.framebufferBegin
                0x0000000000007b00       0x7c C:/devkitPro/libnx/lib\libnx.a(framebuffer.o)
                0x0000000000007b00                framebufferBegin
 *fill*         0x0000000000007b7c        0x4 
 .text.framebufferEnd
                0x0000000000007b80      0x190 C:/devkitPro/libnx/lib\libnx.a(framebuffer.o)
                0x0000000000007b80                framebufferEnd
 .text.nwindowIsValid
                0x0000000000007d10       0x24 C:/devkitPro/libnx/lib\libnx.a(native_window.o)
                0x0000000000007d10                nwindowIsValid
 *fill*         0x0000000000007d34        0xc 
 .text.nwindowClose
                0x0000000000007d40       0x7c C:/devkitPro/libnx/lib\libnx.a(native_window.o)
                0x0000000000007d40                nwindowClose
 *fill*         0x0000000000007dbc        0x4 
 .text.nwindowCreate
                0x0000000000007dc0       0xf8 C:/devkitPro/libnx/lib\libnx.a(native_window.o)
                0x0000000000007dc0                nwindowCreate
 *fill*         0x0000000000007eb8        0x8 
 .text.nwindowCreateFromLayer
                0x0000000000007ec0       0x38 C:/devkitPro/libnx/lib\libnx.a(native_window.o)
                0x0000000000007ec0                nwindowCreateFromLayer
 *fill*         0x0000000000007ef8        0x8 
 .text.nwindowSetDimensions
                0x0000000000007f00       0x84 C:/devkitPro/libnx/lib\libnx.a(native_window.o)
                0x0000000000007f00                nwindowSetDimensions
 *fill*         0x0000000000007f84        0xc 
 .text.nwindowConfigureBuffer
                0x0000000000007f90      0x180 C:/devkitPro/libnx/lib\libnx.a(native_window.o)
                0x0000000000007f90                nwindowConfigureBuffer
 .text.nwindowDequeueBuffer
                0x0000000000008110      0x1cc C:/devkitPro/libnx/lib\libnx.a(native_window.o)
                0x0000000000008110                nwindowDequeueBuffer
 *fill*         0x00000000000082dc        0x4 
 .text.nwindowQueueBuffer
                0x00000000000082e0      0x12c C:/devkitPro/libnx/lib\libnx.a(native_window.o)
                0x00000000000082e0                nwindowQueueBuffer
 *fill*         0x000000000000840c        0x4 
 .text.nwindowReleaseBuffers
                0x0000000000008410       0xbc C:/devkitPro/libnx/lib\libnx.a(native_window.o)
                0x0000000000008410                nwindowReleaseBuffers
 *fill*         0x00000000000084cc        0x4 
 .text.__libnx_alloc
                0x00000000000084d0        0x4 C:/devkitPro/libnx/lib\libnx.a(alloc.o)
                0x00000000000084d0                __libnx_alloc
 *fill*         0x00000000000084d4        0xc 
 .text.__libnx_aligned_alloc
                0x00000000000084e0       0x14 C:/devkitPro/libnx/lib\libnx.a(alloc.o)
                0x00000000000084e0                __libnx_aligned_alloc
 *fill*         0x00000000000084f4        0xc 
 .text.__libnx_free
                0x0000000000008500        0x4 C:/devkitPro/libnx/lib\libnx.a(alloc.o)
                0x0000000000008500                __libnx_free
 *fill*         0x0000000000008504        0xc 
 .text.argvSetup
                0x0000000000008510      0x314 C:/devkitPro/libnx/lib\libnx.a(argv.o)
                0x0000000000008510                argvSetup
 *fill*         0x0000000000008824        0xc 
 .text.__nx_dynamic
                0x0000000000008830      0x1fc C:/devkitPro/libnx/lib\libnx.a(dynamic.o)
                0x0000000000008830                __nx_dynamic
 *fill*         0x0000000000008a2c        0x4 
 .text.__libnx_initheap
                0x0000000000008a30       0xd0 C:/devkitPro/libnx/lib\libnx.a(init.o)
                0x0000000000008a30                __libnx_initheap
 .text.__appInit
                0x0000000000008b00       0xec C:/devkitPro/libnx/lib\libnx.a(init.o)
                0x0000000000008b00                __appInit
 *fill*         0x0000000000008bec        0x4 
 .text.__appExit
                0x0000000000008bf0       0x44 C:/devkitPro/libnx/lib\libnx.a(init.o)
                0x0000000000008bf0                __appExit
 *fill*         0x0000000000008c34        0xc 
 .text.__libnx_init
                0x0000000000008c40       0x2c C:/devkitPro/libnx/lib\libnx.a(init.o)
                0x0000000000008c40                __libnx_init
 *fill*         0x0000000000008c6c        0x4 
 .text.__libnx_exit
                0x0000000000008c70       0x1c C:/devkitPro/libnx/lib\libnx.a(init.o)
                0x0000000000008c70                __libnx_exit
 *fill*         0x0000000000008c8c        0x4 
 .text.__syscall_exit
                0x0000000000008c90       0x1c C:/devkitPro/libnx/lib\libnx.a(newlib.o)
                0x0000000000008c90                __syscall_exit
 *fill*         0x0000000000008cac        0x4 
 .text.__syscall_getreent
                0x0000000000008cb0       0x34 C:/devkitPro/libnx/lib\libnx.a(newlib.o)
                0x0000000000008cb0                __syscall_getreent
 *fill*         0x0000000000008ce4        0xc 
 .text.__syscall_lock_acquire
                0x0000000000008cf0        0x4 C:/devkitPro/libnx/lib\libnx.a(newlib.o)
                0x0000000000008cf0                __syscall_lock_acquire
 *fill*         0x0000000000008cf4        0xc 
 .text.__syscall_lock_release
                0x0000000000008d00        0x4 C:/devkitPro/libnx/lib\libnx.a(newlib.o)
                0x0000000000008d00                __syscall_lock_release
 *fill*         0x0000000000008d04        0xc 
 .text.__syscall_lock_acquire_recursive
                0x0000000000008d10        0x4 C:/devkitPro/libnx/lib\libnx.a(newlib.o)
                0x0000000000008d10                __syscall_lock_acquire_recursive
 *fill*         0x0000000000008d14        0xc 
 .text.__syscall_lock_release_recursive
                0x0000000000008d20        0x4 C:/devkitPro/libnx/lib\libnx.a(newlib.o)
                0x0000000000008d20                __syscall_lock_release_recursive
 *fill*         0x0000000000008d24        0xc 
 .text.__libnx_init_time
                0x0000000000008d30      0x25c C:/devkitPro/libnx/lib\libnx.a(newlib.o)
                0x0000000000008d30                __libnx_init_time
 *fill*         0x0000000000008f8c        0x4 
 .text.newlibSetup
                0x0000000000008f90       0x98 C:/devkitPro/libnx/lib\libnx.a(newlib.o)
                0x0000000000008f90                newlibSetup
 *fill*         0x0000000000009028        0x8 
 .text.nxlinkSetup
                0x0000000000009030       0xe8 C:/devkitPro/libnx/lib\libnx.a(nxlink.o)
                0x0000000000009030                nxlinkSetup
 *fill*         0x0000000000009118        0x8 
 .text.fsdev_link
                0x0000000000009120       0x10 C:/devkitPro/libnx/lib\libnx.a(fs_dev.o)
 .text.fsdev_dirreset
                0x0000000000009130       0x10 C:/devkitPro/libnx/lib\libnx.a(fs_dev.o)
 .text.fsdev_chmod
                0x0000000000009140       0x10 C:/devkitPro/libnx/lib\libnx.a(fs_dev.o)
 .text.error_cmp
                0x0000000000009150       0x18 C:/devkitPro/libnx/lib\libnx.a(fs_dev.o)
 *fill*         0x0000000000009168        0x8 
 .text.fsdev_dirclose
                0x0000000000009170       0x20 C:/devkitPro/libnx/lib\libnx.a(fs_dev.o)
 .text.fsdev_close
                0x0000000000009190       0x1c C:/devkitPro/libnx/lib\libnx.a(fs_dev.o)
 *fill*         0x00000000000091ac        0x4 
 .text.fsdev_converttimetoutc
                0x00000000000091b0       0x74 C:/devkitPro/libnx/lib\libnx.a(fs_dev.o)
 *fill*         0x0000000000009224        0xc 
 .text.fsdevFindDevice.part.0
                0x0000000000009230       0xd4 C:/devkitPro/libnx/lib\libnx.a(fs_dev.o)
 *fill*         0x0000000000009304        0xc 
 .text.fsdev_fixpath
                0x0000000000009310      0x1cc C:/devkitPro/libnx/lib\libnx.a(fs_dev.o)
 *fill*         0x00000000000094dc        0x4 
 .text._fsdevUnmountDeviceStruct.part.0
                0x00000000000094e0       0x9c C:/devkitPro/libnx/lib\libnx.a(fs_dev.o)
 *fill*         0x000000000000957c        0x4 
 .text.fsdev_fchmod
                0x0000000000009580       0x10 C:/devkitPro/libnx/lib\libnx.a(fs_dev.o)
 .text.fsdev_diropen
                0x0000000000009590      0x100 C:/devkitPro/libnx/lib\libnx.a(fs_dev.o)
 .text.fsdev_statvfs
                0x0000000000009690       0xf8 C:/devkitPro/libnx/lib\libnx.a(fs_dev.o)
 *fill*         0x0000000000009788        0x8 
 .text.fsdev_fsync
                0x0000000000009790       0x7c C:/devkitPro/libnx/lib\libnx.a(fs_dev.o)
 *fill*         0x000000000000980c        0x4 
 .text.fsdev_fstat
                0x0000000000009810       0xec C:/devkitPro/libnx/lib\libnx.a(fs_dev.o)
 *fill*         0x00000000000098fc        0x4 
 .text.fsdev_ftruncate
                0x0000000000009900       0x94 C:/devkitPro/libnx/lib\libnx.a(fs_dev.o)
 *fill*         0x0000000000009994        0xc 
 .text.fsdev_stat
                0x00000000000099a0      0x1d8 C:/devkitPro/libnx/lib\libnx.a(fs_dev.o)
 *fill*         0x0000000000009b78        0x8 
 .text.fsdev_rename
                0x0000000000009b80      0x14c C:/devkitPro/libnx/lib\libnx.a(fs_dev.o)
 *fill*         0x0000000000009ccc        0x4 
 .text.fsdev_chdir
                0x0000000000009cd0      0x13c C:/devkitPro/libnx/lib\libnx.a(fs_dev.o)
 *fill*         0x0000000000009e0c        0x4 
 .text.fsdev_rmdir
                0x0000000000009e10       0xa4 C:/devkitPro/libnx/lib\libnx.a(fs_dev.o)
 *fill*         0x0000000000009eb4        0xc 
 .text.fsdev_mkdir
                0x0000000000009ec0       0xa4 C:/devkitPro/libnx/lib\libnx.a(fs_dev.o)
 *fill*         0x0000000000009f64        0xc 
 .text.fsdev_unlink
                0x0000000000009f70       0xa4 C:/devkitPro/libnx/lib\libnx.a(fs_dev.o)
 *fill*         0x000000000000a014        0xc 
 .text.fsdev_write_safe
                0x000000000000a020      0x13c C:/devkitPro/libnx/lib\libnx.a(fs_dev.o)
 *fill*         0x000000000000a15c        0x4 
 .text.fsdev_read_safe
                0x000000000000a160      0x134 C:/devkitPro/libnx/lib\libnx.a(fs_dev.o)
 *fill*         0x000000000000a294        0xc 
 .text.fsdev_read
                0x000000000000a2a0      0x100 C:/devkitPro/libnx/lib\libnx.a(fs_dev.o)
 .text.fsdev_dirnext
                0x000000000000a3a0      0x1d4 C:/devkitPro/libnx/lib\libnx.a(fs_dev.o)
 *fill*         0x000000000000a574        0xc 
 .text.fsdev_write
                0x000000000000a580      0x124 C:/devkitPro/libnx/lib\libnx.a(fs_dev.o)
 *fill*         0x000000000000a6a4        0xc 
 .text.fsdev_seek
                0x000000000000a6b0      0x110 C:/devkitPro/libnx/lib\libnx.a(fs_dev.o)
 .text.fsdev_open
                0x000000000000a7c0      0x230 C:/devkitPro/libnx/lib\libnx.a(fs_dev.o)
 .text.fsdevMountDevice
                0x000000000000a9f0      0x324 C:/devkitPro/libnx/lib\libnx.a(fs_dev.o)
                0x000000000000a9f0                fsdevMountDevice
 *fill*         0x000000000000ad14        0xc 
 .text.fsdevMountSdmc
                0x000000000000ad20       0x40 C:/devkitPro/libnx/lib\libnx.a(fs_dev.o)
                0x000000000000ad20                fsdevMountSdmc
 .text.__libnx_init_cwd
                0x000000000000ad60       0xbc C:/devkitPro/libnx/lib\libnx.a(fs_dev.o)
                0x000000000000ad60                __libnx_init_cwd
 *fill*         0x000000000000ae1c        0x4 
 .text.fsdevUnmountAll
                0x000000000000ae20       0x64 C:/devkitPro/libnx/lib\libnx.a(fs_dev.o)
                0x000000000000ae20                fsdevUnmountAll
 *fill*         0x000000000000ae84        0xc 
 .text.decode_utf8
                0x000000000000ae90      0x128 C:/devkitPro/libnx/lib\libnx.a(decode_utf8.o)
                0x000000000000ae90                decode_utf8
 .text.armDCacheFlush
                0x000000000000afb8       0x4c C:/devkitPro/libnx/lib\libnx.a(cache.o)
                0x000000000000afb8                armDCacheFlush
 .text.__libnx_exception_entry
                0x000000000000b004      0x1c0 C:/devkitPro/libnx/lib\libnx.a(exception.o)
                0x000000000000b004                __libnx_exception_entry
 .text.__libnx_exception_returnentry
                0x000000000000b1c4       0x18 C:/devkitPro/libnx/lib\libnx.a(exception.o)
                0x000000000000b1c4                __libnx_exception_returnentry
 .text.__aarch64_read_tp
                0x000000000000b1dc        0xc C:/devkitPro/libnx/lib\libnx.a(readtp.o)
                0x000000000000b1dc                __aarch64_read_tp
 *fill*         0x000000000000b1e8        0x8 
 .text.condvarWaitTimeout
                0x000000000000b1f0       0x70 C:/devkitPro/libnx/lib\libnx.a(condvar.o)
                0x000000000000b1f0                condvarWaitTimeout
 .text.randomGet
                0x000000000000b260      0x410 C:/devkitPro/libnx/lib\libnx.a(random.o)
                0x000000000000b260                randomGet
 .text.randomGet64
                0x000000000000b670       0x20 C:/devkitPro/libnx/lib\libnx.a(random.o)
                0x000000000000b670                randomGet64
 .text.shmemLoadRemote
                0x000000000000b690       0x14 C:/devkitPro/libnx/lib\libnx.a(shmem.o)
                0x000000000000b690                shmemLoadRemote
 *fill*         0x000000000000b6a4        0xc 
 .text.shmemMap
                0x000000000000b6b0       0x70 C:/devkitPro/libnx/lib\libnx.a(shmem.o)
                0x000000000000b6b0                shmemMap
 .text.shmemUnmap
                0x000000000000b720       0x34 C:/devkitPro/libnx/lib\libnx.a(shmem.o)
                0x000000000000b720                shmemUnmap
 *fill*         0x000000000000b754        0xc 
 .text.shmemClose
                0x000000000000b760       0x4c C:/devkitPro/libnx/lib\libnx.a(shmem.o)
                0x000000000000b760                shmemClose
 *fill*         0x000000000000b7ac        0x4 
 .text.__libnx_init_thread
                0x000000000000b7b0       0xb0 C:/devkitPro/libnx/lib\libnx.a(thread.o)
                0x000000000000b7b0                __libnx_init_thread
 .text._fsCleanup
                0x000000000000b860       0xb4 C:/devkitPro/libnx/lib\libnx.a(fs.o)
 *fill*         0x000000000000b914        0xc 
 .text._fsCmdNoIO
                0x000000000000b920      0x1c0 C:/devkitPro/libnx/lib\libnx.a(fs.o)
 .text._fsFsCmdWithInPath
                0x000000000000bae0      0x1e0 C:/devkitPro/libnx/lib\libnx.a(fs.o)
 .text._fsFsCmdWithTwoInPaths
                0x000000000000bcc0      0x1f8 C:/devkitPro/libnx/lib\libnx.a(fs.o)
 *fill*         0x000000000000beb8        0x8 
 .text._fsFsOpenCommon
                0x000000000000bec0      0x28c C:/devkitPro/libnx/lib\libnx.a(fs.o)
 *fill*         0x000000000000c14c        0x4 
 .text._fsFsCmdWithInPathAndOutU64
                0x000000000000c150      0x1fc C:/devkitPro/libnx/lib\libnx.a(fs.o)
 *fill*         0x000000000000c34c        0x4 
 .text._fsObjectClose
                0x000000000000c350       0xf8 C:/devkitPro/libnx/lib\libnx.a(fs.o)
 *fill*         0x000000000000c448        0x8 
 .text._fsCmdGetSession.constprop.0
                0x000000000000c450      0x17c C:/devkitPro/libnx/lib\libnx.a(fs.o)
 *fill*         0x000000000000c5cc        0x4 
 .text.fsInitialize
                0x000000000000c5d0      0x2f8 C:/devkitPro/libnx/lib\libnx.a(fs.o)
                0x000000000000c5d0                fsInitialize
 *fill*         0x000000000000c8c8        0x8 
 .text.fsExit   0x000000000000c8d0       0x48 C:/devkitPro/libnx/lib\libnx.a(fs.o)
                0x000000000000c8d0                fsExit
 *fill*         0x000000000000c918        0x8 
 .text.fsOpenSdCardFileSystem
                0x000000000000c920        0x8 C:/devkitPro/libnx/lib\libnx.a(fs.o)
                0x000000000000c920                fsOpenSdCardFileSystem
 *fill*         0x000000000000c928        0x8 
 .text.fsFsCreateFile
                0x000000000000c930      0x1ec C:/devkitPro/libnx/lib\libnx.a(fs.o)
                0x000000000000c930                fsFsCreateFile
 *fill*         0x000000000000cb1c        0x4 
 .text.fsFsDeleteFile
                0x000000000000cb20        0x8 C:/devkitPro/libnx/lib\libnx.a(fs.o)
                0x000000000000cb20                fsFsDeleteFile
 *fill*         0x000000000000cb28        0x8 
 .text.fsFsCreateDirectory
                0x000000000000cb30        0x8 C:/devkitPro/libnx/lib\libnx.a(fs.o)
                0x000000000000cb30                fsFsCreateDirectory
 *fill*         0x000000000000cb38        0x8 
 .text.fsFsDeleteDirectory
                0x000000000000cb40        0x8 C:/devkitPro/libnx/lib\libnx.a(fs.o)
                0x000000000000cb40                fsFsDeleteDirectory
 *fill*         0x000000000000cb48        0x8 
 .text.fsFsRenameFile
                0x000000000000cb50        0x8 C:/devkitPro/libnx/lib\libnx.a(fs.o)
                0x000000000000cb50                fsFsRenameFile
 *fill*         0x000000000000cb58        0x8 
 .text.fsFsRenameDirectory
                0x000000000000cb60        0x8 C:/devkitPro/libnx/lib\libnx.a(fs.o)
                0x000000000000cb60                fsFsRenameDirectory
 *fill*         0x000000000000cb68        0x8 
 .text.fsFsGetEntryType
                0x000000000000cb70      0x1f0 C:/devkitPro/libnx/lib\libnx.a(fs.o)
                0x000000000000cb70                fsFsGetEntryType
 .text.fsFsOpenFile
                0x000000000000cd60        0x8 C:/devkitPro/libnx/lib\libnx.a(fs.o)
                0x000000000000cd60                fsFsOpenFile
 *fill*         0x000000000000cd68        0x8 
 .text.fsFsOpenDirectory
                0x000000000000cd70        0x8 C:/devkitPro/libnx/lib\libnx.a(fs.o)
                0x000000000000cd70                fsFsOpenDirectory
 *fill*         0x000000000000cd78        0x8 
 .text.fsFsGetFreeSpace
                0x000000000000cd80        0x8 C:/devkitPro/libnx/lib\libnx.a(fs.o)
                0x000000000000cd80                fsFsGetFreeSpace
 *fill*         0x000000000000cd88        0x8 
 .text.fsFsGetTotalSpace
                0x000000000000cd90        0x8 C:/devkitPro/libnx/lib\libnx.a(fs.o)
                0x000000000000cd90                fsFsGetTotalSpace
 *fill*         0x000000000000cd98        0x8 
 .text.fsFsGetFileTimeStampRaw
                0x000000000000cda0      0x230 C:/devkitPro/libnx/lib\libnx.a(fs.o)
                0x000000000000cda0                fsFsGetFileTimeStampRaw
 .text.fsFsClose
                0x000000000000cfd0        0x4 C:/devkitPro/libnx/lib\libnx.a(fs.o)
                0x000000000000cfd0                fsFsClose
 *fill*         0x000000000000cfd4        0xc 
 .text.fsFileRead
                0x000000000000cfe0      0x214 C:/devkitPro/libnx/lib\libnx.a(fs.o)
                0x000000000000cfe0                fsFileRead
 *fill*         0x000000000000d1f4        0xc 
 .text.fsFileWrite
                0x000000000000d200      0x1f8 C:/devkitPro/libnx/lib\libnx.a(fs.o)
                0x000000000000d200                fsFileWrite
 *fill*         0x000000000000d3f8        0x8 
 .text.fsFileFlush
                0x000000000000d400        0x8 C:/devkitPro/libnx/lib\libnx.a(fs.o)
                0x000000000000d400                fsFileFlush
 *fill*         0x000000000000d408        0x8 
 .text.fsFileSetSize
                0x000000000000d410      0x1c0 C:/devkitPro/libnx/lib\libnx.a(fs.o)
                0x000000000000d410                fsFileSetSize
 .text.fsFileGetSize
                0x000000000000d5d0      0x1d4 C:/devkitPro/libnx/lib\libnx.a(fs.o)
                0x000000000000d5d0                fsFileGetSize
 *fill*         0x000000000000d7a4        0xc 
 .text.fsFileClose
                0x000000000000d7b0        0x4 C:/devkitPro/libnx/lib\libnx.a(fs.o)
                0x000000000000d7b0                fsFileClose
 *fill*         0x000000000000d7b4        0xc 
 .text.fsDirClose
                0x000000000000d7c0        0x4 C:/devkitPro/libnx/lib\libnx.a(fs.o)
                0x000000000000d7c0                fsDirClose
 *fill*         0x000000000000d7c4        0xc 
 .text.fsDirRead
                0x000000000000d7d0      0x204 C:/devkitPro/libnx/lib\libnx.a(fs.o)
                0x000000000000d7d0                fsDirRead
 *fill*         0x000000000000d9d4        0xc 
 .text._nvCleanup
                0x000000000000d9e0       0xd0 C:/devkitPro/libnx/lib\libnx.a(nv.o)
 .text._nvCmdInitialize.constprop.0
                0x000000000000dab0       0xd4 C:/devkitPro/libnx/lib\libnx.a(nv.o)
 *fill*         0x000000000000db84        0xc 
 .text.__nx_nv_create_tmem
                0x000000000000db90       0x18 C:/devkitPro/libnx/lib\libnx.a(nv.o)
                0x000000000000db90                __nx_nv_create_tmem
 *fill*         0x000000000000dba8        0x8 
 .text.nvInitialize
                0x000000000000dbb0      0x3a8 C:/devkitPro/libnx/lib\libnx.a(nv.o)
                0x000000000000dbb0                nvInitialize
 *fill*         0x000000000000df58        0x8 
 .text.nvExit   0x000000000000df60       0x48 C:/devkitPro/libnx/lib\libnx.a(nv.o)
                0x000000000000df60                nvExit
 *fill*         0x000000000000dfa8        0x8 
 .text.nvConvertError
                0x000000000000dfb0       0xf4 C:/devkitPro/libnx/lib\libnx.a(nv.o)
                0x000000000000dfb0                nvConvertError
 *fill*         0x000000000000e0a4        0xc 
 .text.nvOpen   0x000000000000e0b0      0x114 C:/devkitPro/libnx/lib\libnx.a(nv.o)
                0x000000000000e0b0                nvOpen
 *fill*         0x000000000000e1c4        0xc 
 .text.nvIoctl  0x000000000000e1d0      0x310 C:/devkitPro/libnx/lib\libnx.a(nv.o)
                0x000000000000e1d0                nvIoctl
 .text.nvClose  0x000000000000e4e0       0xd4 C:/devkitPro/libnx/lib\libnx.a(nv.o)
                0x000000000000e4e0                nvClose
 *fill*         0x000000000000e5b4        0xc 
 .text.nvQueryEvent
                0x000000000000e5c0      0x10c C:/devkitPro/libnx/lib\libnx.a(nv.o)
                0x000000000000e5c0                nvQueryEvent
 *fill*         0x000000000000e6cc        0x4 
 .text._setsysGetFirmwareVersionImpl
                0x000000000000e6d0       0xd0 C:/devkitPro/libnx/lib\libnx.a(set.o)
 .text._setsysCleanup
                0x000000000000e7a0       0x78 C:/devkitPro/libnx/lib\libnx.a(set.o)
 *fill*         0x000000000000e818        0x8 
 .text.setsysInitialize
                0x000000000000e820       0xa0 C:/devkitPro/libnx/lib\libnx.a(set.o)
                0x000000000000e820                setsysInitialize
 .text.setsysExit
                0x000000000000e8c0       0x48 C:/devkitPro/libnx/lib\libnx.a(set.o)
                0x000000000000e8c0                setsysExit
 *fill*         0x000000000000e908        0x8 
 .text.setsysGetFirmwareVersion
                0x000000000000e910       0x48 C:/devkitPro/libnx/lib\libnx.a(set.o)
                0x000000000000e910                setsysGetFirmwareVersion
 *fill*         0x000000000000e958        0x8 
 .text._timeCleanup
                0x000000000000e960      0x27c C:/devkitPro/libnx/lib\libnx.a(time.o)
 *fill*         0x000000000000ebdc        0x4 
 .text._timeCmdGetSession.constprop.0
                0x000000000000ebe0      0x100 C:/devkitPro/libnx/lib\libnx.a(time.o)
 .text._timeReadClockFromSharedMem
                0x000000000000ece0      0x104 C:/devkitPro/libnx/lib\libnx.a(time.o)
 *fill*         0x000000000000ede4        0xc 
 .text.timeInitialize
                0x000000000000edf0      0x300 C:/devkitPro/libnx/lib\libnx.a(time.o)
                0x000000000000edf0                timeInitialize
 .text.timeExit
                0x000000000000f0f0       0x48 C:/devkitPro/libnx/lib\libnx.a(time.o)
                0x000000000000f0f0                timeExit
 *fill*         0x000000000000f138        0x8 
 .text.timeGetServiceSession_SystemClock
                0x000000000000f140       0x38 C:/devkitPro/libnx/lib\libnx.a(time.o)
                0x000000000000f140                timeGetServiceSession_SystemClock
 *fill*         0x000000000000f178        0x8 
 .text.timeGetCurrentTime
                0x000000000000f180       0xfc C:/devkitPro/libnx/lib\libnx.a(time.o)
                0x000000000000f180                timeGetCurrentTime
 *fill*         0x000000000000f27c        0x4 
 .text.timeToCalendarTimeWithMyRule
                0x000000000000f280      0x108 C:/devkitPro/libnx/lib\libnx.a(time.o)
                0x000000000000f280                timeToCalendarTimeWithMyRule
 *fill*         0x000000000000f388        0x8 
 .text.timeToPosixTimeWithMyRule
                0x000000000000f390      0x114 C:/devkitPro/libnx/lib\libnx.a(time.o)
                0x000000000000f390                timeToPosixTimeWithMyRule
 *fill*         0x000000000000f4a4        0xc 
 .text._viCleanup
                0x000000000000f4b0      0x230 C:/devkitPro/libnx/lib\libnx.a(vi.o)
 .text._viCmdGetSessionNoParams.constprop.0
                0x000000000000f6e0      0x100 C:/devkitPro/libnx/lib\libnx.a(vi.o)
 .text.viInitialize
                0x000000000000f7e0      0x368 C:/devkitPro/libnx/lib\libnx.a(vi.o)
                0x000000000000f7e0                viInitialize
 *fill*         0x000000000000fb48        0x8 
 .text.viExit   0x000000000000fb50       0x48 C:/devkitPro/libnx/lib\libnx.a(vi.o)
                0x000000000000fb50                viExit
 *fill*         0x000000000000fb98        0x8 
 .text.viGetSession_IHOSBinderDriverRelay
                0x000000000000fba0        0xc C:/devkitPro/libnx/lib\libnx.a(vi.o)
                0x000000000000fba0                viGetSession_IHOSBinderDriverRelay
 *fill*         0x000000000000fbac        0x4 
 .text.viOpenDisplay
                0x000000000000fbb0      0x10c C:/devkitPro/libnx/lib\libnx.a(vi.o)
                0x000000000000fbb0                viOpenDisplay
 *fill*         0x000000000000fcbc        0x4 
 .text.viCloseDisplay
                0x000000000000fcc0       0xec C:/devkitPro/libnx/lib\libnx.a(vi.o)
                0x000000000000fcc0                viCloseDisplay
 *fill*         0x000000000000fdac        0x4 
 .text.viCloseLayer
                0x000000000000fdb0       0xf4 C:/devkitPro/libnx/lib\libnx.a(vi.o)
                0x000000000000fdb0                viCloseLayer
 *fill*         0x000000000000fea4        0xc 
 .text.viCreateLayer
                0x000000000000feb0      0x394 C:/devkitPro/libnx/lib\libnx.a(vi.o)
                0x000000000000feb0                viCreateLayer
 *fill*         0x0000000000010244        0xc 
 .text.viSetLayerScalingMode
                0x0000000000010250       0xd8 C:/devkitPro/libnx/lib\libnx.a(vi.o)
                0x0000000000010250                viSetLayerScalingMode
 *fill*         0x0000000000010328        0x8 
 .text._nvFenceCleanup
                0x0000000000010330       0x74 C:/devkitPro/libnx/lib\libnx.a(fence.o)
 *fill*         0x00000000000103a4        0xc 
 .text.nvFenceInit
                0x00000000000103b0       0x98 C:/devkitPro/libnx/lib\libnx.a(fence.o)
                0x00000000000103b0                nvFenceInit
 *fill*         0x0000000000010448        0x8 
 .text.nvFenceExit
                0x0000000000010450       0x48 C:/devkitPro/libnx/lib\libnx.a(fence.o)
                0x0000000000010450                nvFenceExit
 *fill*         0x0000000000010498        0x8 
 .text.nvFenceWait
                0x00000000000104a0      0x290 C:/devkitPro/libnx/lib\libnx.a(fence.o)
                0x00000000000104a0                nvFenceWait
 .text.nvMultiFenceWait
                0x0000000000010730       0x7c C:/devkitPro/libnx/lib\libnx.a(fence.o)
                0x0000000000010730                nvMultiFenceWait
 *fill*         0x00000000000107ac        0x4 
 .text.nvMapInit
                0x00000000000107b0       0xac C:/devkitPro/libnx/lib\libnx.a(map.o)
                0x00000000000107b0                nvMapInit
 *fill*         0x000000000001085c        0x4 
 .text.nvMapExit
                0x0000000000010860       0x74 C:/devkitPro/libnx/lib\libnx.a(map.o)
                0x0000000000010860                nvMapExit
 *fill*         0x00000000000108d4        0xc 
 .text.nvMapClose
                0x00000000000108e0       0x8c C:/devkitPro/libnx/lib\libnx.a(map.o)
                0x00000000000108e0                nvMapClose
 *fill*         0x000000000001096c        0x4 
 .text.nvMapCreate
                0x0000000000010970      0x160 C:/devkitPro/libnx/lib\libnx.a(map.o)
                0x0000000000010970                nvMapCreate
 .text.nvioctlNvhostCtrl_EventSignal
                0x0000000000010ad0       0x24 C:/devkitPro/libnx/lib\libnx.a(nvhost-ctrl.o)
                0x0000000000010ad0                nvioctlNvhostCtrl_EventSignal
 *fill*         0x0000000000010af4        0xc 
 .text.nvioctlNvhostCtrl_EventWait
                0x0000000000010b00       0x3c C:/devkitPro/libnx/lib\libnx.a(nvhost-ctrl.o)
                0x0000000000010b00                nvioctlNvhostCtrl_EventWait
 *fill*         0x0000000000010b3c        0x4 
 .text.nvioctlNvhostCtrl_EventWaitAsync
                0x0000000000010b40       0x28 C:/devkitPro/libnx/lib\libnx.a(nvhost-ctrl.o)
                0x0000000000010b40                nvioctlNvhostCtrl_EventWaitAsync
 *fill*         0x0000000000010b68        0x8 
 .text.nvioctlNvhostCtrl_EventRegister
                0x0000000000010b70       0x24 C:/devkitPro/libnx/lib\libnx.a(nvhost-ctrl.o)
                0x0000000000010b70                nvioctlNvhostCtrl_EventRegister
 *fill*         0x0000000000010b94        0xc 
 .text.nvioctlNvhostCtrl_EventUnregister
                0x0000000000010ba0       0x24 C:/devkitPro/libnx/lib\libnx.a(nvhost-ctrl.o)
                0x0000000000010ba0                nvioctlNvhostCtrl_EventUnregister
 *fill*         0x0000000000010bc4        0xc 
 .text.nvioctlNvmap_Create
                0x0000000000010bd0       0x3c C:/devkitPro/libnx/lib\libnx.a(nvmap.o)
                0x0000000000010bd0                nvioctlNvmap_Create
 *fill*         0x0000000000010c0c        0x4 
 .text.nvioctlNvmap_Alloc
                0x0000000000010c10       0x30 C:/devkitPro/libnx/lib\libnx.a(nvmap.o)
                0x0000000000010c10                nvioctlNvmap_Alloc
 .text.nvioctlNvmap_Free
                0x0000000000010c40       0x30 C:/devkitPro/libnx/lib\libnx.a(nvmap.o)
                0x0000000000010c40                nvioctlNvmap_Free
 .text.nvioctlNvmap_GetId
                0x0000000000010c70       0x3c C:/devkitPro/libnx/lib\libnx.a(nvmap.o)
                0x0000000000010c70                nvioctlNvmap_GetId
 *fill*         0x0000000000010cac        0x4 
 .text.binderCreate
                0x0000000000010cb0       0x1c C:/devkitPro/libnx/lib\libnx.a(binder.o)
                0x0000000000010cb0                binderCreate
 *fill*         0x0000000000010ccc        0x4 
 .text.binderTransactParcel
                0x0000000000010cd0      0x35c C:/devkitPro/libnx/lib\libnx.a(binder.o)
                0x0000000000010cd0                binderTransactParcel
 *fill*         0x000000000001102c        0x4 
 .text.binderConvertErrorCode
                0x0000000000011030       0xe8 C:/devkitPro/libnx/lib\libnx.a(binder.o)
                0x0000000000011030                binderConvertErrorCode
 *fill*         0x0000000000011118        0x8 
 .text.binderAdjustRefcount
                0x0000000000011120      0x124 C:/devkitPro/libnx/lib\libnx.a(binder.o)
                0x0000000000011120                binderAdjustRefcount
 *fill*         0x0000000000011244        0xc 
 .text.binderInitSession
                0x0000000000011250       0x9c C:/devkitPro/libnx/lib\libnx.a(binder.o)
                0x0000000000011250                binderInitSession
 *fill*         0x00000000000112ec        0x4 
 .text.binderClose
                0x00000000000112f0       0x5c C:/devkitPro/libnx/lib\libnx.a(binder.o)
                0x00000000000112f0                binderClose
 *fill*         0x000000000001134c        0x4 
 .text.binderGetNativeHandle
                0x0000000000011350      0x154 C:/devkitPro/libnx/lib\libnx.a(binder.o)
                0x0000000000011350                binderGetNativeHandle
 *fill*         0x00000000000114a4        0xc 
 .text.bqRequestBuffer
                0x00000000000114b0       0xc8 C:/devkitPro/libnx/lib\libnx.a(buffer_producer.o)
                0x00000000000114b0                bqRequestBuffer
 *fill*         0x0000000000011578        0x8 
 .text.bqDequeueBuffer
                0x0000000000011580      0x128 C:/devkitPro/libnx/lib\libnx.a(buffer_producer.o)
                0x0000000000011580                bqDequeueBuffer
 *fill*         0x00000000000116a8        0x8 
 .text.bqQueueBuffer
                0x00000000000116b0       0xc8 C:/devkitPro/libnx/lib\libnx.a(buffer_producer.o)
                0x00000000000116b0                bqQueueBuffer
 *fill*         0x0000000000011778        0x8 
 .text.bqCancelBuffer
                0x0000000000011780       0x84 C:/devkitPro/libnx/lib\libnx.a(buffer_producer.o)
                0x0000000000011780                bqCancelBuffer
 *fill*         0x0000000000011804        0xc 
 .text.bqConnect
                0x0000000000011810       0xd0 C:/devkitPro/libnx/lib\libnx.a(buffer_producer.o)
                0x0000000000011810                bqConnect
 .text.bqDisconnect
                0x00000000000118e0       0x88 C:/devkitPro/libnx/lib\libnx.a(buffer_producer.o)
                0x00000000000118e0                bqDisconnect
 *fill*         0x0000000000011968        0x8 
 .text.bqSetPreallocatedBuffer
                0x0000000000011970      0x194 C:/devkitPro/libnx/lib\libnx.a(buffer_producer.o)
                0x0000000000011970                bqSetPreallocatedBuffer
 *fill*         0x0000000000011b04        0xc 
 .text.parcelCreate
                0x0000000000011b10       0x30 C:/devkitPro/libnx/lib\libnx.a(parcel.o)
                0x0000000000011b10                parcelCreate
 .text.parcelTransact
                0x0000000000011b40      0x174 C:/devkitPro/libnx/lib\libnx.a(parcel.o)
                0x0000000000011b40                parcelTransact
 *fill*         0x0000000000011cb4        0xc 
 .text.parcelWriteData
                0x0000000000011cc0       0x80 C:/devkitPro/libnx/lib\libnx.a(parcel.o)
                0x0000000000011cc0                parcelWriteData
 .text.parcelReadData
                0x0000000000011d40       0x88 C:/devkitPro/libnx/lib\libnx.a(parcel.o)
                0x0000000000011d40                parcelReadData
 *fill*         0x0000000000011dc8        0x8 
 .text.parcelWriteInt32
                0x0000000000011dd0       0x20 C:/devkitPro/libnx/lib\libnx.a(parcel.o)
                0x0000000000011dd0                parcelWriteInt32
 .text.parcelWriteUInt32
                0x0000000000011df0       0x20 C:/devkitPro/libnx/lib\libnx.a(parcel.o)
                0x0000000000011df0                parcelWriteUInt32
 .text.parcelWriteString16
                0x0000000000011e10       0x7c C:/devkitPro/libnx/lib\libnx.a(parcel.o)
                0x0000000000011e10                parcelWriteString16
 *fill*         0x0000000000011e8c        0x4 
 .text.parcelWriteInterfaceToken
                0x0000000000011e90       0x30 C:/devkitPro/libnx/lib\libnx.a(parcel.o)
                0x0000000000011e90                parcelWriteInterfaceToken
 .text.parcelReadInt32
                0x0000000000011ec0       0x24 C:/devkitPro/libnx/lib\libnx.a(parcel.o)
                0x0000000000011ec0                parcelReadInt32
 *fill*         0x0000000000011ee4        0xc 
 .text.parcelReadFlattenedObject
                0x0000000000011ef0       0x68 C:/devkitPro/libnx/lib\libnx.a(parcel.o)
                0x0000000000011ef0                parcelReadFlattenedObject
 *fill*         0x0000000000011f58        0x8 
 .text.parcelWriteFlattenedObject
                0x0000000000011f60       0x44 C:/devkitPro/libnx/lib\libnx.a(parcel.o)
                0x0000000000011f60                parcelWriteFlattenedObject
 *fill*         0x0000000000011fa4        0xc 
 .text.sessionmgrCreate
                0x0000000000011fb0      0x184 C:/devkitPro/libnx/lib\libnx.a(sessionmgr.o)
                0x0000000000011fb0                sessionmgrCreate
 *fill*         0x0000000000012134        0xc 
 .text.sessionmgrClose
                0x0000000000012140       0x84 C:/devkitPro/libnx/lib\libnx.a(sessionmgr.o)
                0x0000000000012140                sessionmgrClose
 *fill*         0x00000000000121c4        0xc 
 .text.sessionmgrAttachClient
                0x00000000000121d0       0xa8 C:/devkitPro/libnx/lib\libnx.a(sessionmgr.o)
                0x00000000000121d0                sessionmgrAttachClient
 *fill*         0x0000000000012278        0x8 
 .text.sessionmgrDetachClient
                0x0000000000012280       0x60 C:/devkitPro/libnx/lib\libnx.a(sessionmgr.o)
                0x0000000000012280                sessionmgrDetachClient
 .text.srand    0x00000000000122e0       0x28 C:/devkitPro/devkitA64/bin/../lib/gcc/aarch64-none-elf/15.1.0/../../../../aarch64-none-elf/lib/pic\libg.a(libc_a-rand.o)
                0x00000000000122e0                srand
 *fill*         0x0000000000012308       0x18 
 .text.rand     0x0000000000012320       0x38 C:/devkitPro/devkitA64/bin/../lib/gcc/aarch64-none-elf/15.1.0/../../../../aarch64-none-elf/lib/pic\libg.a(libc_a-rand.o)
                0x0000000000012320                rand
 *fill*         0x0000000000012358       0x28 
 .text          0x0000000000012380      0x104 C:/devkitPro/devkitA64/bin/../lib/gcc/aarch64-none-elf/15.1.0/../../../../aarch64-none-elf/lib/pic\libg.a(libc_a-memset.o)
                0x0000000000012380                memset
 *fill*         0x0000000000012484       0x1c 
 .text.setenv   0x00000000000124a0       0x34 C:/devkitPro/devkitA64/bin/../lib/gcc/aarch64-none-elf/15.1.0/../../../../aarch64-none-elf/lib/pic\libg.a(libc_a-setenv.o)
                0x00000000000124a0                setenv
 *fill*         0x00000000000124d4       0x2c 
 .text          0x0000000000012500      0x134 C:/devkitPro/devkitA64/bin/../lib/gcc/aarch64-none-elf/15.1.0/../../../../aarch64-none-elf/lib/pic\libg.a(libc_a-strcmp.o)
                0x0000000000012500                strcmp
 *fill*         0x0000000000012634        0xc 
 .text          0x0000000000012640      0x1b4 C:/devkitPro/devkitA64/bin/../lib/gcc/aarch64-none-elf/15.1.0/../../../../aarch64-none-elf/lib/pic\libg.a(libc_a-strncmp.o)
                0x0000000000012640                strncmp
 *fill*         0x00000000000127f4        0xc 
 .text          0x0000000000012800       0xdc C:/devkitPro/devkitA64/bin/../lib/gcc/aarch64-none-elf/15.1.0/../../../../aarch64-none-elf/lib/pic\libg.a(libc_a-memchr.o)
                0x0000000000012800                memchr
 *fill*         0x00000000000128dc        0x4 
 .text.stdio_exit_handler
                0x00000000000128e0       0x1c C:/devkitPro/devkitA64/bin/../lib/gcc/aarch64-none-elf/15.1.0/../../../../aarch64-none-elf/lib/pic\libg.a(libc_a-findfp.o)
 *fill*         0x00000000000128fc        0x4 
 .text.cleanup_stdio
                0x0000000000012900       0x6c C:/devkitPro/devkitA64/bin/../lib/gcc/aarch64-none-elf/15.1.0/../../../../aarch64-none-elf/lib/pic\libg.a(libc_a-findfp.o)
 *fill*         0x000000000001296c       0x14 
 .text.global_stdio_init.part.0
                0x0000000000012980      0x134 C:/devkitPro/devkitA64/bin/../lib/gcc/aarch64-none-elf/15.1.0/../../../../aarch64-none-elf/lib/pic\libg.a(libc_a-findfp.o)
 *fill*         0x0000000000012ab4        0xc 
 .text.__sfp_lock_acquire
                0x0000000000012ac0        0xc C:/devkitPro/devkitA64/bin/../lib/gcc/aarch64-none-elf/15.1.0/../../../../aarch64-none-elf/lib/pic\libg.a(libc_a-findfp.o)
                0x0000000000012ac0                __sfp_lock_acquire
 *fill*         0x0000000000012acc       0x14 
 .text.__sfp_lock_release
                0x0000000000012ae0        0xc C:/devkitPro/devkitA64/bin/../lib/gcc/aarch64-none-elf/15.1.0/../../../../aarch64-none-elf/lib/pic\libg.a(libc_a-findfp.o)
                0x0000000000012ae0                __sfp_lock_release
 *fill*         0x0000000000012aec       0x14 
 .text.__sinit  0x0000000000012b00       0x54 C:/devkitPro/devkitA64/bin/../lib/gcc/aarch64-none-elf/15.1.0/../../../../aarch64-none-elf/lib/pic\libg.a(libc_a-findfp.o)
                0x0000000000012b00                __sinit
 *fill*         0x0000000000012b54        0xc 
 .text._strtoul_l.isra.0
                0x0000000000012b60      0x1a4 C:/devkitPro/devkitA64/bin/../lib/gcc/aarch64-none-elf/15.1.0/../../../../aarch64-none-elf/lib/pic\libg.a(libc_a-strtoul.o)
 *fill*         0x0000000000012d04       0x1c 
 .text._strtoul_r
                0x0000000000012d20       0x34 C:/devkitPro/devkitA64/bin/../lib/gcc/aarch64-none-elf/15.1.0/../../../../aarch64-none-elf/lib/pic\libg.a(libc_a-strtoul.o)
                0x0000000000012d20                _strtoul_r
 *fill*         0x0000000000012d54        0xc 
 .text.strtoul  0x0000000000012d60       0x40 C:/devkitPro/devkitA64/bin/../lib/gcc/aarch64-none-elf/15.1.0/../../../../aarch64-none-elf/lib/pic\libg.a(libc_a-strtoul.o)
                0x0000000000012d60                strtoul
 .text.__libc_init_array
                0x0000000000012da0       0xa4 C:/devkitPro/devkitA64/bin/../lib/gcc/aarch64-none-elf/15.1.0/../../../../aarch64-none-elf/lib/pic\libg.a(libc_a-init.o)
                0x0000000000012da0                __libc_init_array
 *fill*         0x0000000000012e44       0x1c 
 .text.strncat  0x0000000000012e60       0x88 C:/devkitPro/devkitA64/bin/../lib/gcc/aarch64-none-elf/15.1.0/../../../../aarch64-none-elf/lib/pic\libg.a(libc_a-strncat.o)
                0x0000000000012e60                strncat
 *fill*         0x0000000000012ee8       0x18 
 .text._fwalk_sglue
                0x0000000000012f00       0x98 C:/devkitPro/devkitA64/bin/../lib/gcc/aarch64-none-elf/15.1.0/../../../../aarch64-none-elf/lib/pic\libg.a(libc_a-fwalk.o)
                0x0000000000012f00                _fwalk_sglue
 *fill*         0x0000000000012f98        0x8 
 .text.bsearch  0x0000000000012fa0       0xb4 C:/devkitPro/devkitA64/bin/../lib/gcc/aarch64-none-elf/15.1.0/../../../../aarch64-none-elf/lib/pic\libg.a(libc_a-bsearch.o)
                0x0000000000012fa0                bsearch
 *fill*         0x0000000000013054        0xc 
 .text.__errno  0x0000000000013060       0x14 C:/devkitPro/devkitA64/bin/../lib/gcc/aarch64-none-elf/15.1.0/../../../../aarch64-none-elf/lib/pic\libg.a(libc_a-errno.o)
                0x0000000000013060                __errno
 *fill*         0x0000000000013074        0xc 
 .text.aligned_alloc
                0x0000000000013080       0x2c C:/devkitPro/devkitA64/bin/../lib/gcc/aarch64-none-elf/15.1.0/../../../../aarch64-none-elf/lib/pic\libg.a(libc_a-aligned_alloc.o)
                0x0000000000013080                aligned_alloc
 *fill*         0x00000000000130ac       0x14 
 .text._puts_r  0x00000000000130c0       0xd4 C:/devkitPro/devkitA64/bin/../lib/gcc/aarch64-none-elf/15.1.0/../../../../aarch64-none-elf/lib/pic\libg.a(libc_a-puts.o)
                0x00000000000130c0                _puts_r
 *fill*         0x0000000000013194        0xc 
 .text.puts     0x00000000000131a0       0x1c C:/devkitPro/devkitA64/bin/../lib/gcc/aarch64-none-elf/15.1.0/../../../../aarch64-none-elf/lib/pic\libg.a(libc_a-puts.o)
                0x00000000000131a0                puts
 *fill*         0x00000000000131bc        0x4 
 .text          0x00000000000131c0      0x22c C:/devkitPro/devkitA64/bin/../lib/gcc/aarch64-none-elf/15.1.0/../../../../aarch64-none-elf/lib/pic\libg.a(libc_a-memcpy.o)
                0x00000000000131c0                memcpy
                0x00000000000131c0                memmove
 *fill*         0x00000000000133ec       0x14 
 .text._malloc_r
                0x0000000000013400      0x840 C:/devkitPro/devkitA64/bin/../lib/gcc/aarch64-none-elf/15.1.0/../../../../aarch64-none-elf/lib/pic\libg.a(libc_a-mallocr.o)
                0x0000000000013400                _malloc_r
 .text._malloc_trim_r
                0x0000000000013c40      0x11c C:/devkitPro/devkitA64/bin/../lib/gcc/aarch64-none-elf/15.1.0/../../../../aarch64-none-elf/lib/pic\libg.a(libc_a-freer.o)
                0x0000000000013c40                _malloc_trim_r
 *fill*         0x0000000000013d5c        0x4 
 .text._free_r  0x0000000000013d60      0x2d8 C:/devkitPro/devkitA64/bin/../lib/gcc/aarch64-none-elf/15.1.0/../../../../aarch64-none-elf/lib/pic\libg.a(libc_a-freer.o)
                0x0000000000013d60                _free_r
 *fill*         0x0000000000014038        0x8 
 .text.printf   0x0000000000014040       0x80 C:/devkitPro/devkitA64/bin/../lib/gcc/aarch64-none-elf/15.1.0/../../../../aarch64-none-elf/lib/pic\libg.a(libc_a-printf.o)
                0x0000000000014040                printf
 .text.malloc   0x00000000000140c0       0x38 C:/devkitPro/devkitA64/bin/../lib/gcc/aarch64-none-elf/15.1.0/../../../../aarch64-none-elf/lib/pic\libg.a(libc_a-malloc.o)
                0x00000000000140c0                malloc
 *fill*         0x00000000000140f8        0x8 
 .text.free     0x0000000000014100       0x1c C:/devkitPro/devkitA64/bin/../lib/gcc/aarch64-none-elf/15.1.0/../../../../aarch64-none-elf/lib/pic\libg.a(libc_a-malloc.o)
                0x0000000000014100                free
 *fill*         0x000000000001411c        0x4 
 .text.gmtime   0x0000000000014120       0x28 C:/devkitPro/devkitA64/bin/../lib/gcc/aarch64-none-elf/15.1.0/../../../../aarch64-none-elf/lib/pic\libg.a(libc_a-gmtime.o)
                0x0000000000014120                gmtime
 *fill*         0x0000000000014148       0x38 
 .text          0x0000000000014180      0x130 C:/devkitPro/devkitA64/bin/../lib/gcc/aarch64-none-elf/15.1.0/../../../../aarch64-none-elf/lib/pic\libg.a(libc_a-strlen.o)
                0x0000000000014180                strlen
 *fill*         0x00000000000142b0       0x10 
 .text          0x00000000000142c0       0xb8 C:/devkitPro/devkitA64/bin/../lib/gcc/aarch64-none-elf/15.1.0/../../../../aarch64-none-elf/lib/pic\libg.a(libc_a-strnlen.o)
                0x00000000000142c0                strnlen
 *fill*         0x0000000000014378        0x8 
 .text.__malloc_lock
                0x0000000000014380        0xc C:/devkitPro/devkitA64/bin/../lib/gcc/aarch64-none-elf/15.1.0/../../../../aarch64-none-elf/lib/pic\libg.a(libc_a-mlock.o)
                0x0000000000014380                __malloc_lock
 *fill*         0x000000000001438c       0x14 
 .text.__malloc_unlock
                0x00000000000143a0        0xc C:/devkitPro/devkitA64/bin/../lib/gcc/aarch64-none-elf/15.1.0/../../../../aarch64-none-elf/lib/pic\libg.a(libc_a-mlock.o)
                0x00000000000143a0                __malloc_unlock
 *fill*         0x00000000000143ac       0x14 
 .text._setenv_r
                0x00000000000143c0      0x258 C:/devkitPro/devkitA64/bin/../lib/gcc/aarch64-none-elf/15.1.0/../../../../aarch64-none-elf/lib/pic\libg.a(libc_a-setenv_r.o)
                0x00000000000143c0                _setenv_r
 *fill*         0x0000000000014618        0x8 
 .text.__call_exitprocs
                0x0000000000014620        0x4 C:/devkitPro/devkitA64/bin/../lib/gcc/aarch64-none-elf/15.1.0/../../../../aarch64-none-elf/lib/pic\libg.a(libc_a-exit.o)
                0x0000000000014620                __call_exitprocs
 *fill*         0x0000000000014624       0x1c 
 .text.setvbuf  0x0000000000014640      0x278 C:/devkitPro/devkitA64/bin/../lib/gcc/aarch64-none-elf/15.1.0/../../../../aarch64-none-elf/lib/pic\libg.a(libc_a-setvbuf.o)
                0x0000000000014640                setvbuf
 *fill*         0x00000000000148b8        0x8 
 .text.strncpy  0x00000000000148c0       0xac C:/devkitPro/devkitA64/bin/../lib/gcc/aarch64-none-elf/15.1.0/../../../../aarch64-none-elf/lib/pic\libg.a(libc_a-strncpy.o)
                0x00000000000148c0                strncpy
 *fill*         0x000000000001496c       0x14 
 .text.sscanf   0x0000000000014980       0xb0 C:/devkitPro/devkitA64/bin/../lib/gcc/aarch64-none-elf/15.1.0/../../../../aarch64-none-elf/lib/pic\libg.a(libc_a-sscanf.o)
                0x0000000000014980                sscanf
 *fill*         0x0000000000014a30       0x10 
 .text.__sfvwrite_r
                0x0000000000014a40      0x4a4 C:/devkitPro/devkitA64/bin/../lib/gcc/aarch64-none-elf/15.1.0/../../../../aarch64-none-elf/lib/pic\libg.a(libc_a-fvwrite.o)
                0x0000000000014a40                __sfvwrite_r
 *fill*         0x0000000000014ee4       0x1c 
 .text.__sread  0x0000000000014f00       0x4c C:/devkitPro/devkitA64/bin/../lib/gcc/aarch64-none-elf/15.1.0/../../../../aarch64-none-elf/lib/pic\libg.a(libc_a-stdio.o)
                0x0000000000014f00                __sread
 *fill*         0x0000000000014f4c       0x14 
 .text.__seofread
                0x0000000000014f60        0x8 C:/devkitPro/devkitA64/bin/../lib/gcc/aarch64-none-elf/15.1.0/../../../../aarch64-none-elf/lib/pic\libg.a(libc_a-stdio.o)
                0x0000000000014f60                __seofread
 *fill*         0x0000000000014f68       0x18 
 .text.__swrite
                0x0000000000014f80       0x70 C:/devkitPro/devkitA64/bin/../lib/gcc/aarch64-none-elf/15.1.0/../../../../aarch64-none-elf/lib/pic\libg.a(libc_a-stdio.o)
                0x0000000000014f80                __swrite
 *fill*         0x0000000000014ff0       0x10 
 .text.__sseek  0x0000000000015000       0x50 C:/devkitPro/devkitA64/bin/../lib/gcc/aarch64-none-elf/15.1.0/../../../../aarch64-none-elf/lib/pic\libg.a(libc_a-stdio.o)
                0x0000000000015000                __sseek
 *fill*         0x0000000000015050       0x10 
 .text.__sclose
                0x0000000000015060        0x8 C:/devkitPro/devkitA64/bin/../lib/gcc/aarch64-none-elf/15.1.0/../../../../aarch64-none-elf/lib/pic\libg.a(libc_a-stdio.o)
                0x0000000000015060                __sclose
 *fill*         0x0000000000015068       0x18 
 .text.__env_lock
                0x0000000000015080        0xc C:/devkitPro/devkitA64/bin/../lib/gcc/aarch64-none-elf/15.1.0/../../../../aarch64-none-elf/lib/pic\libg.a(libc_a-envlock.o)
                0x0000000000015080                __env_lock
 *fill*         0x000000000001508c       0x14 
 .text.__env_unlock
                0x00000000000150a0        0xc C:/devkitPro/devkitA64/bin/../lib/gcc/aarch64-none-elf/15.1.0/../../../../aarch64-none-elf/lib/pic\libg.a(libc_a-envlock.o)
                0x00000000000150a0                __env_unlock
 *fill*         0x00000000000150ac       0x14 
 .text._fclose_r
                0x00000000000150c0      0x130 C:/devkitPro/devkitA64/bin/../lib/gcc/aarch64-none-elf/15.1.0/../../../../aarch64-none-elf/lib/pic\libg.a(libc_a-fclose.o)
                0x00000000000150c0                _fclose_r
 *fill*         0x00000000000151f0       0x10 
 .text.gmtime_r
                0x0000000000015200      0x2a0 C:/devkitPro/devkitA64/bin/../lib/gcc/aarch64-none-elf/15.1.0/../../../../aarch64-none-elf/lib/pic\libg.a(libc_a-gmtime_r.o)
                0x0000000000015200                gmtime_r
 .text._memalign_r
                0x00000000000154a0      0x18c C:/devkitPro/devkitA64/bin/../lib/gcc/aarch64-none-elf/15.1.0/../../../../aarch64-none-elf/lib/pic\libg.a(libc_a-malignr.o)
                0x00000000000154a0                _memalign_r
 *fill*         0x000000000001562c       0x14 
 .text          0x0000000000015640       0xcc C:/devkitPro/devkitA64/bin/../lib/gcc/aarch64-none-elf/15.1.0/../../../../aarch64-none-elf/lib/pic\libg.a(libc_a-strchr.o)
                0x0000000000015640                strchr
 .text.get_arg  0x000000000001570c      0x790 C:/devkitPro/devkitA64/bin/../lib/gcc/aarch64-none-elf/15.1.0/../../../../aarch64-none-elf/lib/pic\libg.a(libc_a-vfprintf.o)
 .text._vfprintf_r
                0x0000000000015e9c     0x3bd4 C:/devkitPro/devkitA64/bin/../lib/gcc/aarch64-none-elf/15.1.0/../../../../aarch64-none-elf/lib/pic\libg.a(libc_a-vfprintf.o)
                0x0000000000015e9c                _vfprintf_r
 .text.__sbprintf
                0x0000000000019a70       0xd0 C:/devkitPro/devkitA64/bin/../lib/gcc/aarch64-none-elf/15.1.0/../../../../aarch64-none-elf/lib/pic\libg.a(libc_a-vfprintf.o)
 .text.quorem   0x0000000000019b40      0x1a4 C:/devkitPro/devkitA64/bin/../lib/gcc/aarch64-none-elf/15.1.0/../../../../aarch64-none-elf/lib/pic\libg.a(libc_a-dtoa.o)
 *fill*         0x0000000000019ce4       0x1c 
 .text._dtoa_r  0x0000000000019d00     0x1320 C:/devkitPro/devkitA64/bin/../lib/gcc/aarch64-none-elf/15.1.0/../../../../aarch64-none-elf/lib/pic\libg.a(libc_a-dtoa.o)
                0x0000000000019d00                _dtoa_r
 .text._wcrtomb_r
                0x000000000001b020       0xd0 C:/devkitPro/devkitA64/bin/../lib/gcc/aarch64-none-elf/15.1.0/../../../../aarch64-none-elf/lib/pic\libg.a(libc_a-wcrtomb.o)
                0x000000000001b020                _wcrtomb_r
 *fill*         0x000000000001b0f0       0x10 
 .text.__libc_fini_array
                0x000000000001b100       0x44 C:/devkitPro/devkitA64/bin/../lib/gcc/aarch64-none-elf/15.1.0/../../../../aarch64-none-elf/lib/pic\libg.a(libc_a-fini.o)
                0x000000000001b100                __libc_fini_array
 *fill*         0x000000000001b144       0x1c 
 .text.__sflush_r
                0x000000000001b160      0x1ec C:/devkitPro/devkitA64/bin/../lib/gcc/aarch64-none-elf/15.1.0/../../../../aarch64-none-elf/lib/pic\libg.a(libc_a-fflush.o)
                0x000000000001b160                __sflush_r
 *fill*         0x000000000001b34c       0x14 
 .text._fflush_r
                0x000000000001b360       0xbc C:/devkitPro/devkitA64/bin/../lib/gcc/aarch64-none-elf/15.1.0/../../../../aarch64-none-elf/lib/pic\libg.a(libc_a-fflush.o)
                0x000000000001b360                _fflush_r
 *fill*         0x000000000001b41c        0x4 
 .text.__swhatbuf_r
                0x000000000001b420       0xb0 C:/devkitPro/devkitA64/bin/../lib/gcc/aarch64-none-elf/15.1.0/../../../../aarch64-none-elf/lib/pic\libg.a(libc_a-makebuf.o)
                0x000000000001b420                __swhatbuf_r
 *fill*         0x000000000001b4d0       0x10 
 .text.__smakebuf_r
                0x000000000001b4e0       0xe8 C:/devkitPro/devkitA64/bin/../lib/gcc/aarch64-none-elf/15.1.0/../../../../aarch64-none-elf/lib/pic\libg.a(libc_a-makebuf.o)
                0x000000000001b4e0                __smakebuf_r
 *fill*         0x000000000001b5c8       0x18 
 .text._findenv_r
                0x000000000001b5e0       0xf4 C:/devkitPro/devkitA64/bin/../lib/gcc/aarch64-none-elf/15.1.0/../../../../aarch64-none-elf/lib/pic\libg.a(libc_a-getenv_r.o)
                0x000000000001b5e0                _findenv_r
 *fill*         0x000000000001b6d4        0xc 
 .text._realloc_r
                0x000000000001b6e0      0x568 C:/devkitPro/devkitA64/bin/../lib/gcc/aarch64-none-elf/15.1.0/../../../../aarch64-none-elf/lib/pic\libg.a(libc_a-reallocr.o)
                0x000000000001b6e0                _realloc_r
 .text.get_arg  0x000000000001bc48       0x74 C:/devkitPro/devkitA64/bin/../lib/gcc/aarch64-none-elf/15.1.0/../../../../aarch64-none-elf/lib/pic\libg.a(libc_a-svfscanf.o)
 .text.__ssvfscanf_r
                0x000000000001bcbc     0x3260 C:/devkitPro/devkitA64/bin/../lib/gcc/aarch64-none-elf/15.1.0/../../../../aarch64-none-elf/lib/pic\libg.a(libc_a-svfscanf.o)
                0x000000000001bcbc                __ssvfscanf_r
 *fill*         0x000000000001ef1c        0x4 
 .text._strtoull_l.isra.0
                0x000000000001ef20      0x1a4 C:/devkitPro/devkitA64/bin/../lib/gcc/aarch64-none-elf/15.1.0/../../../../aarch64-none-elf/lib/pic\libg.a(libc_a-strtoull.o)
 *fill*         0x000000000001f0c4       0x1c 
 .text._strtoull_r
                0x000000000001f0e0       0x34 C:/devkitPro/devkitA64/bin/../lib/gcc/aarch64-none-elf/15.1.0/../../../../aarch64-none-elf/lib/pic\libg.a(libc_a-strtoull.o)
                0x000000000001f0e0                _strtoull_r
 *fill*         0x000000000001f114        0xc 
 .text._wcsrtombs_r
                0x000000000001f120       0x10 C:/devkitPro/devkitA64/bin/../lib/gcc/aarch64-none-elf/15.1.0/../../../../aarch64-none-elf/lib/pic\libg.a(libc_a-wcsrtombs.o)
                0x000000000001f120                _wcsrtombs_r
 *fill*         0x000000000001f130       0x10 
 .text._mbrtowc_r
                0x000000000001f140       0xd8 C:/devkitPro/devkitA64/bin/../lib/gcc/aarch64-none-elf/15.1.0/../../../../aarch64-none-elf/lib/pic\libg.a(libc_a-mbrtowc.o)
                0x000000000001f140                _mbrtowc_r
 *fill*         0x000000000001f218        0x8 
 .text.__swsetup_r
                0x000000000001f220      0x12c C:/devkitPro/devkitA64/bin/../lib/gcc/aarch64-none-elf/15.1.0/../../../../aarch64-none-elf/lib/pic\libg.a(libc_a-wsetup.o)
                0x000000000001f220                __swsetup_r
 *fill*         0x000000000001f34c       0x14 
 .text.nanf     0x000000000001f360        0xc C:/devkitPro/devkitA64/bin/../lib/gcc/aarch64-none-elf/15.1.0/../../../../aarch64-none-elf/lib/pic\libg.a(libm_a-sf_nan.o)
                0x000000000001f360                nanf
 *fill*         0x000000000001f36c       0x14 
 .text.frexp    0x000000000001f380       0x7c C:/devkitPro/devkitA64/bin/../lib/gcc/aarch64-none-elf/15.1.0/../../../../aarch64-none-elf/lib/pic\libg.a(libm_a-s_frexp.o)
                0x000000000001f380                frexp
 *fill*         0x000000000001f3fc        0x4 
 .text.__assert_func
                0x000000000001f400       0x64 C:/devkitPro/devkitA64/bin/../lib/gcc/aarch64-none-elf/15.1.0/../../../../aarch64-none-elf/lib/pic\libg.a(libc_a-assert.o)
                0x000000000001f400                __assert_func
 *fill*         0x000000000001f464       0x1c 
 .text._Balloc  0x000000000001f480       0xa4 C:/devkitPro/devkitA64/bin/../lib/gcc/aarch64-none-elf/15.1.0/../../../../aarch64-none-elf/lib/pic\libg.a(libc_a-mprec.o)
                0x000000000001f480                _Balloc
 *fill*         0x000000000001f524       0x1c 
 .text._Bfree   0x000000000001f540       0x20 C:/devkitPro/devkitA64/bin/../lib/gcc/aarch64-none-elf/15.1.0/../../../../aarch64-none-elf/lib/pic\libg.a(libc_a-mprec.o)
                0x000000000001f540                _Bfree
 .text.__multadd
                0x000000000001f560      0x118 C:/devkitPro/devkitA64/bin/../lib/gcc/aarch64-none-elf/15.1.0/../../../../aarch64-none-elf/lib/pic\libg.a(libc_a-mprec.o)
                0x000000000001f560                __multadd
 *fill*         0x000000000001f678        0x8 
 .text.__s2b    0x000000000001f680      0x144 C:/devkitPro/devkitA64/bin/../lib/gcc/aarch64-none-elf/15.1.0/../../../../aarch64-none-elf/lib/pic\libg.a(libc_a-mprec.o)
                0x000000000001f680                __s2b
 *fill*         0x000000000001f7c4       0x1c 
 .text.__hi0bits
                0x000000000001f7e0       0x94 C:/devkitPro/devkitA64/bin/../lib/gcc/aarch64-none-elf/15.1.0/../../../../aarch64-none-elf/lib/pic\libg.a(libc_a-mprec.o)
                0x000000000001f7e0                __hi0bits
 *fill*         0x000000000001f874        0xc 
 .text.__lo0bits
                0x000000000001f880      0x100 C:/devkitPro/devkitA64/bin/../lib/gcc/aarch64-none-elf/15.1.0/../../../../aarch64-none-elf/lib/pic\libg.a(libc_a-mprec.o)
                0x000000000001f880                __lo0bits
 .text.__i2b    0x000000000001f980       0x4c C:/devkitPro/devkitA64/bin/../lib/gcc/aarch64-none-elf/15.1.0/../../../../aarch64-none-elf/lib/pic\libg.a(libc_a-mprec.o)
                0x000000000001f980                __i2b
 *fill*         0x000000000001f9cc       0x14 
 .text.__multiply
                0x000000000001f9e0      0x210 C:/devkitPro/devkitA64/bin/../lib/gcc/aarch64-none-elf/15.1.0/../../../../aarch64-none-elf/lib/pic\libg.a(libc_a-mprec.o)
                0x000000000001f9e0                __multiply
 *fill*         0x000000000001fbf0       0x10 
 .text.__pow5mult
                0x000000000001fc00      0x104 C:/devkitPro/devkitA64/bin/../lib/gcc/aarch64-none-elf/15.1.0/../../../../aarch64-none-elf/lib/pic\libg.a(libc_a-mprec.o)
                0x000000000001fc00                __pow5mult
 *fill*         0x000000000001fd04       0x1c 
 .text.__lshift
                0x000000000001fd20      0x174 C:/devkitPro/devkitA64/bin/../lib/gcc/aarch64-none-elf/15.1.0/../../../../aarch64-none-elf/lib/pic\libg.a(libc_a-mprec.o)
                0x000000000001fd20                __lshift
 *fill*         0x000000000001fe94        0xc 
 .text.__mcmp   0x000000000001fea0       0x50 C:/devkitPro/devkitA64/bin/../lib/gcc/aarch64-none-elf/15.1.0/../../../../aarch64-none-elf/lib/pic\libg.a(libc_a-mprec.o)
                0x000000000001fea0                __mcmp
 *fill*         0x000000000001fef0       0x10 
 .text.__mdiff  0x000000000001ff00      0x1c4 C:/devkitPro/devkitA64/bin/../lib/gcc/aarch64-none-elf/15.1.0/../../../../aarch64-none-elf/lib/pic\libg.a(libc_a-mprec.o)
                0x000000000001ff00                __mdiff
 *fill*         0x00000000000200c4       0x1c 
 .text.__ulp    0x00000000000200e0       0x84 C:/devkitPro/devkitA64/bin/../lib/gcc/aarch64-none-elf/15.1.0/../../../../aarch64-none-elf/lib/pic\libg.a(libc_a-mprec.o)
                0x00000000000200e0                __ulp
 *fill*         0x0000000000020164       0x1c 
 .text.__b2d    0x0000000000020180      0x168 C:/devkitPro/devkitA64/bin/../lib/gcc/aarch64-none-elf/15.1.0/../../../../aarch64-none-elf/lib/pic\libg.a(libc_a-mprec.o)
                0x0000000000020180                __b2d
 *fill*         0x00000000000202e8       0x18 
 .text.__d2b    0x0000000000020300      0x14c C:/devkitPro/devkitA64/bin/../lib/gcc/aarch64-none-elf/15.1.0/../../../../aarch64-none-elf/lib/pic\libg.a(libc_a-mprec.o)
                0x0000000000020300                __d2b
 *fill*         0x000000000002044c       0x14 
 .text.__ratio  0x0000000000020460       0xb0 C:/devkitPro/devkitA64/bin/../lib/gcc/aarch64-none-elf/15.1.0/../../../../aarch64-none-elf/lib/pic\libg.a(libc_a-mprec.o)
                0x0000000000020460                __ratio
 *fill*         0x0000000000020510       0x10 
 .text.__copybits
                0x0000000000020520       0x74 C:/devkitPro/devkitA64/bin/../lib/gcc/aarch64-none-elf/15.1.0/../../../../aarch64-none-elf/lib/pic\libg.a(libc_a-mprec.o)
                0x0000000000020520                __copybits
 *fill*         0x0000000000020594        0xc 
 .text.__any_on
                0x00000000000205a0       0x68 C:/devkitPro/devkitA64/bin/../lib/gcc/aarch64-none-elf/15.1.0/../../../../aarch64-none-elf/lib/pic\libg.a(libc_a-mprec.o)
                0x00000000000205a0                __any_on
 *fill*         0x0000000000020608       0x18 
 .text._strtoll_l.isra.0
                0x0000000000020620      0x2c0 C:/devkitPro/devkitA64/bin/../lib/gcc/aarch64-none-elf/15.1.0/../../../../aarch64-none-elf/lib/pic\libg.a(libc_a-strtoll.o)
 .text._strtoll_r